Archive member included       because of file (symbol)

/usr/local/openravenscar/lib/gcc-lib/sparc-ork-elf/2.8.1/adalib/libgnarl.a(a-reatim.o)
                              ./devicesfss_v1.o (ada__real_time__clock)
/usr/local/openravenscar/lib/gcc-lib/sparc-ork-elf/2.8.1/adalib/libgnarl.a(a-retide.o)
                              ./button_interrupt.o (ada__real_time__delays__delay_until)
/usr/local/openravenscar/lib/gcc-lib/sparc-ork-elf/2.8.1/adalib/libgnarl.a(s-interr.o)
                              b~main.o (system__interrupts___elabs)
/usr/local/openravenscar/lib/gcc-lib/sparc-ork-elf/2.8.1/adalib/libgnarl.a(s-osinte.o)
                              /usr/local/openravenscar/lib/gcc-lib/sparc-ork-elf/2.8.1/adalib/libgnarl.a(s-interr.o) (system__os_interface__attach_handler)
/usr/local/openravenscar/lib/gcc-lib/sparc-ork-elf/2.8.1/adalib/libgnarl.a(s-taprob.o)
                              ./devicesfss_v1.o (system__tasking__protected_objects__initialize_protection)
/usr/local/openravenscar/lib/gcc-lib/sparc-ork-elf/2.8.1/adalib/libgnarl.a(s-taprop.o)
                              /usr/local/openravenscar/lib/gcc-lib/sparc-ork-elf/2.8.1/adalib/libgnarl.a(a-retide.o) (system__task_primitives__operations__self)
/usr/local/openravenscar/lib/gcc-lib/sparc-ork-elf/2.8.1/adalib/libgnarl.a(s-tarest.o)
                              ./button_interrupt.o (system__tasking__restricted__stages__create_restricted_task)
/usr/local/openravenscar/lib/gcc-lib/sparc-ork-elf/2.8.1/adalib/libgnarl.a(s-tasdeb.o)
                              b~main.o (system__tasking__debug___elabs)
/usr/local/openravenscar/lib/gcc-lib/sparc-ork-elf/2.8.1/adalib/libgnarl.a(s-taskin.o)
                              /usr/local/openravenscar/lib/gcc-lib/sparc-ork-elf/2.8.1/adalib/libgnarl.a(s-tasdeb.o) (system__tasking__task_statesT)
/usr/local/openravenscar/lib/gcc-lib/sparc-ork-elf/2.8.1/adalib/libgnarl.a(s-taspri.o)
                              /usr/local/openravenscar/lib/gcc-lib/sparc-ork-elf/2.8.1/adalib/libgnarl.a(s-taskin.o) (system__task_primitives___init_proc)
/usr/local/openravenscar/lib/gcc-lib/sparc-ork-elf/2.8.1/adalib/libgnarl.a(s-tposen.o)
                              /usr/local/openravenscar/lib/gcc-lib/sparc-ork-elf/2.8.1/adalib/libgnarl.a(s-interr.o) (system__tasking__protected_objects__single_entry__protection_entryP)
/usr/local/openravenscar/lib/gcc-lib/sparc-ork-elf/2.8.1/adalib/libgnarl.a(kernel-interrupts.o)
                              /usr/local/openravenscar/lib/gcc-lib/sparc-ork-elf/2.8.1/adalib/libgnarl.a(s-osinte.o) (kernel_attach_interrupt_handler)
/usr/local/openravenscar/lib/gcc-lib/sparc-ork-elf/2.8.1/adalib/libgnarl.a(kernel-threads.o)
                              b~main.o (kernel__threads___elabs)
/usr/local/openravenscar/lib/gcc-lib/sparc-ork-elf/2.8.1/adalib/libgnarl.a(kernel-threads-atcb.o)
                              /usr/local/openravenscar/lib/gcc-lib/sparc-ork-elf/2.8.1/adalib/libgnarl.a(s-taprop.o) (kernel__threads__atcb__set_atcb)
/usr/local/openravenscar/lib/gcc-lib/sparc-ork-elf/2.8.1/adalib/libgnarl.a(kernel-threads-queues.o)
                              /usr/local/openravenscar/lib/gcc-lib/sparc-ork-elf/2.8.1/adalib/libgnarl.a(s-taprop.o) (running_thread)
/usr/local/openravenscar/lib/gcc-lib/sparc-ork-elf/2.8.1/adalib/libgnarl.a(kernel-threads-protection.o)
                              /usr/local/openravenscar/lib/gcc-lib/sparc-ork-elf/2.8.1/adalib/libgnarl.a(kernel-threads.o) (kernel__threads__protection__dispatch)
/usr/local/openravenscar/lib/gcc-lib/sparc-ork-elf/2.8.1/adalib/libgnarl.a(kernel-time.o)
                              /usr/local/openravenscar/lib/gcc-lib/sparc-ork-elf/2.8.1/adalib/libgnarl.a(s-taprop.o) (kernel_clock)
/usr/local/openravenscar/lib/gcc-lib/sparc-ork-elf/2.8.1/adalib/libgnarl.a(kernel-memory.o)
                              /usr/local/openravenscar/sparc-ork-elf/lib/ada_crt0.o (environment_stack)
/usr/local/openravenscar/lib/gcc-lib/sparc-ork-elf/2.8.1/adalib/libgnarl.a(kernel-cpu_primitives.o)
                              /usr/local/openravenscar/lib/gcc-lib/sparc-ork-elf/2.8.1/adalib/libgnarl.a(kernel-threads-protection.o) (kernel__cpu_primitives__context_switch)
/usr/local/openravenscar/lib/gcc-lib/sparc-ork-elf/2.8.1/adalib/libgnarl.a(kernel-peripherals-registers.o)
                              ./force_external_interrupt_2.o (kernel__peripherals__registers__test_control)
/usr/local/openravenscar/lib/gcc-lib/sparc-ork-elf/2.8.1/adalib/libgnarl.a(kernel-peripherals.o)
                              /usr/local/openravenscar/lib/gcc-lib/sparc-ork-elf/2.8.1/adalib/libgnarl.a(kernel-interrupts.o) (kernel__peripherals__to_vector)
/usr/local/openravenscar/lib/gcc-lib/sparc-ork-elf/2.8.1/adalib/libgnarl.a(kernel-serial_output.o)
                              ./devicesfss_v1.o (kernel__serial_output__put__2)
/usr/local/openravenscar/lib/gcc-lib/sparc-ork-elf/2.8.1/adalib/libgnarl.a(context.o)
[...]
Memory Configuration

Name             Origin             Length             Attributes
rom              0x00000000         0x00200000         xr
ram              0x02000000         0x003f8000         xrw
*default*        0x00000000         0xffffffff

Linker script and memory map

                0x00200000                PROM_SIZE=0x200000
                0x00400000                RAM_SIZE=0x400000
                0x00000000                PROM_START=0x0
                0x00200000                PROM_END=(PROM_START+PROM_SIZE)
                0x02000000                RAM_START=0x2000000
                0x02400000                RAM_END=(RAM_START+RAM_SIZE)

.text           0x02000000    0x35990
 CREATE_OBJECT_SYMBOLS
                0x02000000                text_start=.
 *(.text)
 .text          0x02000000     0x1384 /usr/local/openravenscar/sparc-ork-elf/lib/ada_crt0.o
                0x020011bc                __exit
                0x02000000                trap_table
                0x02000000                start
                0x020011bc                _exit
 .text          0x02001384      0x274 b~main.o
                0x020015e0                ada_main___elabb
                0x02001384                adainit
                0x02001560                main
                0x02001544                adafinal
 .text          0x020015f8       0x1c ./main.o
                0x020015f8                _ada_main
 .text          0x02001614       0x98 ./force_external_interrupt_2.o
                0x02001614                _ada_force_external_interrupt_2
 .text          0x020016ac      0x118 ./scenario_v1.o
                0x020016ac                scenario_v1___elabs
 .text          0x020017c4     0x4aa8 ./devicesfss_v1.o
                0x02003488                devicesfss_v1___init_proc__6
                0x0200486c                devicesfss_v1___init_proc__9
                0x02001df8                devicesfss_v1__read_light_intensity
                0x020056ac                devicesfss_v1__display_altitude
                0x020034dc                devicesfss_v1__read_pilotbutton
                0x02005e44                devicesfss_v1__display_cronometro
                0x02002914                devicesfss_v1___init_proc__4
                0x02005a80                devicesfss_v1__display_joystick
                0x0200529c                devicesfss_v1__light_1
                0x0200410c                devicesfss_v1__read_altitude
                0x020057c4                devicesfss_v1__display_distance
                0x020048ac                devicesfss_v1__read_pitch
                0x0200236c                devicesfss_v1___init_proc__3
                0x020040c4                devicesfss_v1___init_proc__8
                0x02005d34                devicesfss_v1__display_message
                0x02001824                devicesfss_v1__read_distance
                0x02005968                devicesfss_v1__display_light_intensity
                0x020059f4                devicesfss_v1__display_pilot_power
                0x02002974                devicesfss_v1__read_power
                0x02003a68                devicesfss_v1__read_speed
                0x020058dc                devicesfss_v1__display_roll
                0x02005c4c                devicesfss_v1__display_pilot_button
                0x02004ea4                devicesfss_v1__read_roll
                0x020061b4                devicesfss_v1___elabb
                0x02003a28                devicesfss_v1___init_proc__7
                0x02001d98                devicesfss_v1___init_proc__2
                0x0200534c                devicesfss_v1__light_2
                0x02002f3c                devicesfss_v1__read_pilotpresence
                0x020048d4                devicesfss_v1__set_aircraft_pitch
                0x02005738                devicesfss_v1__display_speed
                0x02004ecc                devicesfss_v1__set_aircraft_roll
                0x020023cc                devicesfss_v1__read_joystick
                0x0200542c                devicesfss_v1__alarm
                0x02005b64                devicesfss_v1__display_pilot_presence
                0x02003a90                devicesfss_v1__set_speed
                0x02005850                devicesfss_v1__display_pitch
                0x02002ee8                devicesfss_v1___init_proc__5
                0x02004e64                devicesfss_v1___init_proc__10
                0x020017c4                devicesfss_v1___init_proc
 .text          0x0200626c      0x57c ./button_interrupt.o
                0x0200626c                button_interrupt___init_proc
                0x020062e8                button_interrupt___elabs
                0x0200653c                button_interrupt__interruptTKB
                0x020067b4                button_interrupt___elabb
 .text          0x020067e8      0x9a8 ./workload.o
                0x020067e8                workload___elabs
                0x02006be8                workload__small_whetstone
                0x02007178                workload___elabb
 .text          0x02007190      0xd08 ./tools.o
                0x02007e68                tools___elabb
                0x02007df4                tools__execution_time
                0x02007d4c                tools__finish_activity
                0x02007bfc                tools__print_a_string
                0x0200747c                tools__print_chrono
                0x02007ca4                tools__start_activity
                0x02007190                tools___elabs
                0x020078a4                tools__print_an_integer
                0x02007a5c                tools__print_a_float
                0x020071dc                tools__current_time
 .text          0x02007e98     0x408c ./fss.o
                0x02008e74                fss___init_proc__8
                0x02008d7c                fss___init_proc__6
                0x02007ed4                fss___init_proc
                0x02008df8                fss___init_proc__7
                0x02008d00                fss___init_proc__5
                0x02007e98                fss__background
                0x02008c08                fss___init_proc__3
                0x02008ef0                fss___init_proc__9
                0x0200b8c8                fss___elabb
                0x02008b70                fss___init_proc__2
                0x02008c84                fss___init_proc__4
 .text          0x0200bf24      0x5e4 /usr/local/openravenscar/lib/gcc-lib/sparc-ork-elf/2.8.1/adalib/libgnarl.a(a-reatim.o)
                0x0200bf50                ada__real_time__Oadd__2
                0x0200c124                ada__real_time__split
                0x0200bf40                ada__real_time__Oadd
                0x0200bfa0                ada__real_time__Osubtract__4
                0x0200c0a4                ada__real_time__nanoseconds
                0x0200c010                ada__real_time__Odivide__2
                0x0200bfcc                ada__real_time__Odivide
                0x0200bf80                ada__real_time__Osubtract__2
                0x0200c094                ada__real_time__to_duration
                0x0200c43c                ada__real_time__time_of
                0x0200bf60                ada__real_time__Oadd__3
                0x0200c0f4                ada__real_time__milliseconds
                0x0200bf24                ada__real_time__clock
                0x0200c0c8                ada__real_time__microseconds
                0x0200bf70                ada__real_time__Osubtract
                0x0200bf90                ada__real_time__Osubtract__3
                0x0200c09c                ada__real_time__to_time_span
                0x0200c068                ada__real_time__Omultiply__2
                0x0200c03c                ada__real_time__Omultiply
 .text          0x0200c508       0x68 /usr/local/openravenscar/lib/gcc-lib/sparc-ork-elf/2.8.1/adalib/libgnarl.a(a-retide.o)
                0x0200c54c                ada__real_time__delays__to_duration
                0x0200c508                ada__real_time__delays__delay_until
 .text          0x0200c570      0xcc4 /usr/local/openravenscar/lib/gcc-lib/sparc-ork-elf/2.8.1/adalib/libgnarl.a(s-interr.o)
                0x0200c82c                system__interrupts__is_reserved
                0x0200c594                system__interrupts___elabs
                0x0200cfc4                system__interrupts__install_handlers
                0x0200c680                system__interrupts__ada_interrupt_wrapper
                0x0200c8a4                system__interrupts__current_handler__3
                0x0200d140                system__interrupts___init_proc__4
                0x0200d14c                system__interrupts___init_proc__5
                0x0200d0ec                system__interrupts___init_proc__2
                0x0200cf5c                system__interrupts__reference
                0x0200c764                system__interrupts__register_interrupt_handler
                0x0200d21c                system__interrupts___init_proc__7
                0x0200d0e4                system__interrupts___init_proc
                0x0200cd80                system__interrupts__detach_handler__3
                0x0200cb28                system__interrupts__exchange_handler
                0x0200c920                system__interrupts__attach_handler__3
                0x0200c840                system__interrupts__is_handler_attached
                0x0200c7b8                system__interrupts__is_registered
                0x0200d228                system__interrupts___init_proc__8
                0x0200cf8c                system__interrupts__finalize
                0x0200d07c                system__interrupts___elabb
                0x0200c570                system__interrupts___size
                0x0200d0f8                system__interrupts___init_proc__3
                0x0200cfbc                system__interrupts__has_interrupt_or_attach_handler
                0x0200d19c                system__interrupts___init_proc__6
 .text          0x0200d234       0x54 /usr/local/openravenscar/lib/gcc-lib/sparc-ork-elf/2.8.1/adalib/libgnarl.a(s-osinte.o)
                0x0200d260                system__os_interface__detach_handler
                0x0200d234                system__os_interface__priority_of_interrupt
                0x0200d248                system__os_interface__attach_handler
                0x0200d274                system__os_interface__current_handler
 .text          0x0200d288      0x10c /usr/local/openravenscar/lib/gcc-lib/sparc-ork-elf/2.8.1/adalib/libgnarl.a(s-taprob.o)
                0x0200d374                system__tasking__protected_objects___init_proc
                0x0200d344                system__tasking__protected_objects__unlock
                0x0200d2b4                system__tasking__protected_objects__lock
                0x0200d380                system__tasking__protected_objects___init_proc__2
                0x0200d288                system__tasking__protected_objects__initialize_protection
                0x0200d2fc                system__tasking__protected_objects__lock_read_only
                0x0200d35c                system__tasking__protected_objects__finalize_protection
 .text          0x0200d394      0x978 /usr/local/openravenscar/lib/gcc-lib/sparc-ork-elf/2.8.1/adalib/libgnarl.a(s-taprop.o)
                0x0200d614                system__task_primitives__operations__get_priority
                0x0200d48c                system__task_primitives__operations__unlock__2
                0x0200d7ec                system__task_primitives__operations__check_no_locks
                0x0200d410                system__task_primitives__operations__write_lock
                0x0200d84c                system__task_primitives__operations__resume_task
                0x0200d8cc                system__task_primitives__operations___elabb
                0x0200d558                system__task_primitives__operations__clock
                0x0200d42c                system__task_primitives__operations__write_lock__2
                0x0200d3cc                system__task_primitives__operations__get_thread_id
                0x0200d4e0                system__task_primitives__operations__timed_delay
                0x0200d5f4                system__task_primitives__operations__set_priority
                0x0200d4bc                system__task_primitives__operations__timed_sleep
                0x0200d3b0                system__task_primitives__operations__self
                0x0200d4a4                system__task_primitives__operations__sleep
                0x0200d7d0                system__task_primitives__operations__set_exit_task_procedure
                0x0200d478                system__task_primitives__operations__unlock
                0x0200d804                system__task_primitives__operations__environment_task
                0x0200d3d8                system__task_primitives__operations__initialize_lock
                0x0200db00                system__task_primitives__operations___init_proc
                0x0200d7b4                system__task_primitives__operations__exit_task
                0x0200d57c                system__task_primitives__operations__wakeup
                0x0200d394                system__task_primitives__operations__set
                0x0200d7dc                system__task_primitives__operations__abort_task
                0x0200d810                system__task_primitives__operations__lock_all_tasks_list
                0x0200d444                system__task_primitives__operations__write_lock__3
                0x0200d7a4                system__task_primitives__operations__finalize_tcb
                0x0200d690                system__task_primitives__operations__new_atcb
                0x0200d844                system__task_primitives__operations__suspend_task
                0x0200d590                system__task_primitives__operations__yield
                0x0200d82c                system__task_primitives__operations__unlock_all_tasks_list
                0x0200d854                system__task_primitives__operations__initialize
                0x0200d7e4                system__task_primitives__operations__check_exit
                0x0200d708                system__task_primitives__operations__initialize_tcb
                0x0200d3c4                system__task_primitives__operations__stack_guard
                0x0200d408                system__task_primitives__operations__finalize_lock
                0x0200d7ac                system__task_primitives__operations__default_exit_task_procedure
                0x0200d744                system__task_primitives__operations__create_task
                0x0200d3f0                system__task_primitives__operations__initialize_lock__2
                0x0200d45c                system__task_primitives__operations__read_lock
                0x0200d62c                system__task_primitives__operations__enter_task
 .text          0x0200dd0c      0x924 /usr/local/openravenscar/lib/gcc-lib/sparc-ork-elf/2.8.1/adalib/libgnarl.a(s-tarest.o)
                0x0200df80                system__tasking__restricted__stages__create_restricted_task
                0x0200e480                system__tasking__restricted__stages__restricted_terminated
                0x0200e190                system__tasking__restricted__stages__activate_restricted_tasks
                0x0200e350                system__tasking__restricted__stages__complete_restricted_activation
                0x0200e494                system__tasking__restricted__stages__finalize_global_tasks
                0x0200e4e8                system__tasking__restricted__stages___elabb
                0x0200e420                system__tasking__restricted__stages__complete_restricted_task
 .text          0x0200e630      0xf44 /usr/local/openravenscar/lib/gcc-lib/sparc-ork-elf/2.8.1/adalib/libgnarl.a(s-tasdeb.o)
                0x0200f2a8                system__tasking__debug__image
                0x0200f54c                system__tasking__debug___init_proc__2
                0x0200ef84                system__tasking__debug__print_current_task
                0x0200f1f8                system__tasking__debug__trace__2
                0x0200e630                system__tasking__debug___elabs
                0x0200efa0                system__tasking__debug__list_tasks
                0x0200f450                system__tasking__debug__resume_all_tasks
                0x0200e6a8                system__tasking__debug__set_user_state
                0x0200edd0                system__tasking__debug__print_task_info_header
                0x0200f50c                system__tasking__debug___init_proc
                0x0200e694                system__tasking__debug__self
                0x0200f488                system__tasking__debug___elabb
                0x0200efe0                system__tasking__debug__print_accept_info
                0x0200f294                system__tasking__debug__set_trace
                0x0200f0a4                system__tasking__debug__trace
                0x0200f22c                system__tasking__debug__trace__3
                0x0200f260                system__tasking__debug__trace__4
                0x0200e990                system__tasking__debug__print_task_info
                0x0200e68c                system__tasking__debug__task_termination_hook
                0x0200e684                system__tasking__debug__task_creation_hook
                0x0200f418                system__tasking__debug__suspend_all_tasks
 .text          0x0200f574      0x75c /usr/local/openravenscar/lib/gcc-lib/sparc-ork-elf/2.8.1/adalib/libgnarl.a(s-taskin.o)
                0x0200f988                system__tasking___init_proc__3
                0x0200fc30                system__tasking___init_proc__8
                0x0200fbf0                system__tasking___init_proc__7
                0x0200f574                system__tasking__self
                0x0200f950                system__tasking___init_proc__2
                0x0200f6b0                system__tasking___elabb
                0x0200fa04                system__tasking___init_proc__4
                0x0200fc3c                system__tasking___init_proc__9
                0x0200f8fc                system__tasking___init_proc
                0x0200fa58                system__tasking___init_proc__6
                0x0200f588                system__tasking__initialize_atcb
                0x0200fa10                system__tasking___init_proc__5
 .text          0x0200fcd0       0x14 /usr/local/openravenscar/lib/gcc-lib/sparc-ork-elf/2.8.1/adalib/libgnarl.a(s-taspri.o)
                0x0200fcd0                system__task_primitives___init_proc
 .text          0x0200fce4      0x8cc /usr/local/openravenscar/lib/gcc-lib/sparc-ork-elf/2.8.1/adalib/libgnarl.a(s-tposen.o)
                0x0200ff24                system__tasking__protected_objects__single_entry__check_exception
                0x0200fd04                system__tasking__protected_objects__single_entry___elabs
                0x0200fce4                system__tasking__protected_objects__single_entry___size
                0x0201002c                system__tasking__protected_objects__single_entry__po_do_or_queue
                0x02010458                system__tasking__protected_objects__single_entry__timed_protected_single_entry_call
                0x0200fcfc                system__tasking__protected_objects__single_entry___deep_finalize
                0x0200fe8c                system__tasking__protected_objects__single_entry__wait_for_completion
                0x0200ff48                system__tasking__protected_objects__single_entry__initialize_protection_entry
                0x0200ffcc                system__tasking__protected_objects__single_entry__lock_read_only_entry
                0x02010554                system__tasking__protected_objects__single_entry__protected_count_entry
                0x02010540                system__tasking__protected_objects__single_entry__complete_single_entry_body
                0x020101bc                system__tasking__protected_objects__single_entry__service_entry
                0x0201056c                system__tasking__protected_objects__single_entry__protected_single_entry_caller
                0x0200ff84                system__tasking__protected_objects__single_entry__lock_entry
                0x02010014                system__tasking__protected_objects__single_entry__unlock_entry
                0x02010348                system__tasking__protected_objects__single_entry__protected_single_entry_call
                0x0200fe34                system__tasking__protected_objects__single_entry__send_program_error
                0x0200fe70                system__tasking__protected_objects__single_entry__wakeup_entry_caller
                0x020101d8                system__tasking__protected_objects__single_entry__po_service_entry
                0x02010548                system__tasking__protected_objects__single_entry__exceptional_complete_single_entry_body
                0x0200feb4                system__tasking__protected_objects__single_entry__wait_for_completion_with_timeout
                0x02010580                system__tasking__protected_objects__single_entry___init_proc
 .text          0x020105b0      0x1f0 /usr/local/openravenscar/lib/gcc-lib/sparc-ork-elf/2.8.1/adalib/libgnarl.a(kernel-interrupts.o)
                0x02010678                kernel_detach_interrupt_handler
                0x020106c0                kernel__interrupts___elabb
                0x020105b0                kernel__interrupts__null_handler
                0x020105b8                kernel__interrupts__wrapper
                0x020106a0                kernel_current_interrupt_handler
                0x02010618                kernel_attach_interrupt_handler
                0x02010744                kernel__interrupts___init_proc__2
                0x0201072c                kernel__interrupts___init_proc
 .text          0x020107a0      0x5dc /usr/local/openravenscar/lib/gcc-lib/sparc-ork-elf/2.8.1/adalib/libgnarl.a(kernel-threads.o)
                0x020107a0                kernel__threads___elabs
                0x02010d40                kernel__threads___init_proc__3
                0x02010a10                kernel_yield
                0x02010b10                kernel_check_no_mutexes
                0x02010b20                kernel_condition_init
                0x02010970                kernel__threads__set_active_priority
                0x02010924                kernel_set_priority
                0x02010be4                kernel_condition_signal
                0x02010c44                kernel_thread_create
                0x0201082c                kernel__threads__default_dummy_task_function
                0x02010d0c                kernel_thread_self
                0x020107dc                kernel__threads__thread_caller
                0x02010b28                kernel_condition_wait
                0x0201083c                kernel_initialize
                0x02010ab0                kernel_mutex_unlock
                0x02010a58                kernel_mutex_lock
                0x02010a4c                kernel_mutex_init
                0x02010d1c                kernel__threads___elabb
                0x02010d2c                kernel__threads___init_proc
                0x02010d38                kernel__threads___init_proc__2
                0x020109f4                kernel_get_priority
 .text          0x02010d7c       0x28 /usr/local/openravenscar/lib/gcc-lib/sparc-ork-elf/2.8.1/adalib/libgnarl.a(kernel-threads-atcb.o)
                0x02010d94                kernel__threads__atcb___elabb
                0x02010d84                kernel__threads__atcb__thread_self_atcb
                0x02010d7c                kernel__threads__atcb__set_atcb
 .text          0x02010da4      0x478 /usr/local/openravenscar/lib/gcc-lib/sparc-ork-elf/2.8.1/adalib/libgnarl.a(kernel-threads-queues.o)
                0x02010fbc                kernel__threads__queues__insert_alarm
                0x02010e60                kernel__threads__queues__insert_at_tail
                0x02010dbc                kernel__threads__queues__insert_at_head
                0x02011088                kernel__threads__queues__extract_first_alarm
                0x02010f70                kernel__threads__queues__get_new_thread_descriptor
                0x0201118c                kernel__threads__queues___init_proc
                0x02010f04                kernel__threads__queues__extract_from_ready
                0x020110b4                kernel__threads__queues__get_next_alarm_time
                0x020110e8                kernel__threads__queues___elabb
                0x02010f4c                kernel__threads__queues__next_running
                0x02010db0                kernel__threads__queues__environment_thread_id
                0x02010da4                kernel__threads__queues__dummy_thread_id
 .text          0x0201121c      0x108 /usr/local/openravenscar/lib/gcc-lib/sparc-ork-elf/2.8.1/adalib/libgnarl.a(kernel-threads-protection.o)
                0x02011240                kernel__threads__protection__leave_kernel
                0x0201121c                kernel__threads__protection__dispatch
                0x02011314                kernel__threads__protection___elabb
                0x0201122c                kernel__threads__protection__enter_kernel
 .text          0x02011324      0x3c4 /usr/local/openravenscar/lib/gcc-lib/sparc-ork-elf/2.8.1/adalib/libgnarl.a(kernel-time.o)
                0x020113dc                kernel_delay_until
                0x02011324                kernel_clock
                0x020116a8                kernel__time___elabb
 .text          0x020116e8       0x9c /usr/local/openravenscar/lib/gcc-lib/sparc-ork-elf/2.8.1/adalib/libgnarl.a(kernel-memory.o)
                0x02011744                kernel__memory___elabb
                0x020116f0                kernel_new_stack
                0x020116e8                kernel_new_memory_region
 .text          0x02011784       0x88 /usr/local/openravenscar/lib/gcc-lib/sparc-ork-elf/2.8.1/adalib/libgnarl.a(kernel-cpu_primitives.o)
                0x02011784                kernel__cpu_primitives__context_switch
                0x02011790                kernel__cpu_primitives__initialize_context
                0x020117fc                kernel__cpu_primitives___elabb
 .text          0x0201180c       0x44 /usr/local/openravenscar/lib/gcc-lib/sparc-ork-elf/2.8.1/adalib/libgnarl.a(kernel-peripherals-registers.o)
                0x0201180c                kernel__peripherals__registers___elabs
 .text          0x02011850      0x6ac /usr/local/openravenscar/lib/gcc-lib/sparc-ork-elf/2.8.1/adalib/libgnarl.a(kernel-peripherals.o)
                0x02011860                kernel__peripherals__stop_watch_dog
                0x02011850                kernel__peripherals__to_vector
                0x0201187c                kernel__peripherals__init_clock
                0x02011e48                kernel__peripherals___elabb
                0x02011960                kernel__peripherals__cancel_and_set_alarm
                0x0201193c                kernel__peripherals__init_board
                0x02011974                kernel__peripherals__set_alarm
                0x02011ae8                kernel__peripherals__read_clock
                0x02011b58                kernel__peripherals__clear_alarm_interrupt
                0x02011d88                kernel__peripherals__uart_send
                0x02011b60                kernel__peripherals__clear_clock_interrupt
                0x02011c9c                kernel__peripherals__init_uart
                0x02011874                kernel__peripherals__memory_configuration
                0x02011b68                kernel__peripherals__protect_segment
                0x02011858                kernel__peripherals__priority_of_interrupt
 .text          0x02011efc       0xe4 /usr/local/openravenscar/lib/gcc-lib/sparc-ork-elf/2.8.1/adalib/libgnarl.a(kernel-serial_output.o)
                0x02011f54                kernel_new_line
                0x02011f68                kernel_put_line_c
                0x02011f14                kernel__serial_output__put__2
                0x02011efc                kernel_put_c
                0x02011f84                kernel__serial_output__put_line__2
                0x02011fb4                kernel__serial_output___elabb
 .text          0x02011fe0      0x2dc /usr/local/openravenscar/lib/gcc-lib/sparc-ork-elf/2.8.1/adalib/libgnarl.a(context.o)
                0x020122b4                exit_from_context_switch
                0x02011fe0                context_switch
                0x02011fec                context_trap
 .text          0x020122bc      0x60c /usr/local/openravenscar/lib/gcc-lib/sparc-ork-elf/2.8.1/adalib/libgnarl.a(install_handler.o)
                0x02012374                set_next_running
                0x020122bc                enable_traps
                0x02012320                install_trap_handler
                0x020122d0                install_int_handler
 .text          0x020128c8       0x34 /usr/local/openravenscar/lib/gcc-lib/sparc-ork-elf/2.8.1/adalib/libgnarl.a(int_level.o)
                0x020128c8                disable_interrupts
                0x020128e0                enable_interrupts
 .text          0x020128fc     0x25c0 /usr/local/openravenscar/lib/gcc-lib/sparc-ork-elf/2.8.1/adalib/libgnat.a(a-except.o)
                0x02014164                ada__exceptions__sdp_table_sort_move
                0x020142c4                ada__exceptions__string_to_eid
                0x02013980                __gnat_raise_nodefer_with_msg
                0x02012b2c                ada__exceptions__current_target_exception
                0x02013af8                ada__exceptions__raise_from_signal_handler
                0x0201297c                ada__exceptions__address_image
                0x02013d7c                ada__exceptions__save_occurrence
                0x02014960                __gnat_notify_exception
                0x02013640                ada__exceptions__propagate_exception
                0x020134b4                ada__exceptions__exception_name_simple
                0x02013cd0                __gnat_reraise
                0x02013a60                __gnat_raise_exception
                0x020128fc                ada__exceptions___elabs
                0x02012a84                __gnat_break_start
                0x02012a70                ada__exceptions__allocate_machine_state
                0x02012b50                ada__exceptions__deallocate_machine_state
                0x02012e04                ada__exceptions__exception_information
                0x02013c30                __gnat_raise_storage_error
                0x02012bc0                ada__exceptions__eo_to_string
                0x020140c8                ada__exceptions__sdp_table_sort_lt
                0x02014dd4                ada__exceptions__raise_exception_no_defer
                0x020133c0                ada__exceptions__exception_name__2
                0x02014e7c                ada__exceptions__zzz
                0x0201296c                ada__exceptions__poll
                0x02013c50                ada__exceptions__raise_with_c_msg
                0x020149f4                ada__exceptions__unhandled_exception_terminate
                0x02012b64                ada__exceptions__eid_to_string
                0x02013e10                ada__exceptions__save_occurrence__2
                0x02013bbc                ada__exceptions__raise_with_location
                0x02013b94                ada__exceptions__raise_no_msg
                0x020132fc                ada__exceptions__exception_message
                0x02014194                ada__exceptions__set_exception_c_msg
                0x020143ec                ada__exceptions__string_to_eo
                0x02013bf0                __gnat_raise_constraint_error
                0x02013d08                ada__exceptions__reraise_occurrence
                0x02014e84                ada__exceptions___elabb
                0x02014eac                ada__exceptions___init_proc
                0x02013484                ada__exceptions__exception_name
                0x02012974                ada__exceptions__aaa
                0x02013d50                ada__exceptions__reraise_occurrence_no_defer
                0x02012c20                ada__exceptions__exception_identity
                0x02013e3c                __gnat_SDP_Table_Build
                0x02014958                __gnat_unhandled_exception
                0x02012a8c                ada__exceptions__call_chain
                0x02013c84                __gnat_raise_with_msg
                0x02013c10                __gnat_raise_program_error
 .text          0x02014ebc      0x2ec /usr/local/openravenscar/lib/gcc-lib/sparc-ork-elf/2.8.1/adalib/libgnat.a(a-filico.o)
                0x02014f08                ada__finalization__list_controller___deep_finalize__2
                0x02015174                ada__finalization__list_controller___init_proc__2
                0x02015138                ada__finalization__list_controller__finalize
                0x02014ef8                ada__finalization__list_controller___size__2
                0x02015150                ada__finalization__list_controller___init_proc
                0x02015104                ada__finalization__list_controller__finalize__2
                0x02014f34                ada__finalization__list_controller___elabs
                0x02014ebc                ada__finalization__list_controller___size
                0x020150ec                ada__finalization__list_controller__initialize__2
                0x02014ecc                ada__finalization__list_controller___deep_finalize
 .text          0x020151a8      0x560 /usr/local/openravenscar/lib/gcc-lib/sparc-ork-elf/2.8.1/adalib/libgnat.a(a-finali.o)
                0x02015408                ada__finalization___size__4
                0x02015688                ada__finalization__initialize
                0x020156a0                ada__finalization__Oeq__2
                0x020156c8                ada__finalization___init_proc
                0x020151d0                ada__finalization___write__3
                0x020156c0                ada__finalization__finalize__2
                0x020151a8                ada__finalization___size__3
                0x020151b8                ada__finalization___read__3
                0x02015690                ada__finalization__adjust
                0x020156e8                ada__finalization___init_proc__2
                0x02015444                ada__finalization___elabs
                0x02015698                ada__finalization__finalize
                0x020153b4                ada__finalization___deep_adjust
                0x020156b8                ada__finalization__initialize__2
                0x020151e8                ada__finalization___assign__3
                0x020153dc                ada__finalization___deep_finalize
                0x02015418                ada__finalization___deep_finalize__2
 .text          0x02015708       0x6c /usr/local/openravenscar/lib/gcc-lib/sparc-ork-elf/2.8.1/adalib/libgnat.a(a-ioexce.o)
                0x02015708                ada__io_exceptions___elabs
 .text          0x02015774     0x1e98 /usr/local/openravenscar/lib/gcc-lib/sparc-ork-elf/2.8.1/adalib/libgnat.a(a-nuelfu.o)
                0x02017230                ada__numerics__elementary_functions__sinh
                0x020160b8                ada__numerics__elementary_functions__arcsin
                0x02015ea0                ada__numerics__elementary_functions__arccosh
                0x020162e4                ada__numerics__elementary_functions__arcsinh
                0x02015774                ada__numerics__elementary_functions__Oexpon
                0x02015fb4                ada__numerics__elementary_functions__arccoth
                0x02015f98                ada__numerics__elementary_functions__arccot__2
                0x0201618c                ada__numerics__elementary_functions__arcsin__2
                0x02016514                ada__numerics__elementary_functions__arctan__2
                0x02015d34                ada__numerics__elementary_functions__arccos__2
                0x02016814                ada__numerics__elementary_functions__cos
                0x0201733c                ada__numerics__elementary_functions__sqrt
                0x02017448                ada__numerics__elementary_functions__tan__2
                0x02017134                ada__numerics__elementary_functions__sin__2
                0x02016fc4                ada__numerics__elementary_functions__log__2
                0x02016a18                ada__numerics__elementary_functions__cot__2
                0x02017578                ada__numerics__elementary_functions__tanh
                0x02016b80                ada__numerics__elementary_functions__coth
                0x02016f08                ada__numerics__elementary_functions__log
                0x020168c4                ada__numerics__elementary_functions__cosh
                0x02015f80                ada__numerics__elementary_functions__arccot
                0x02016404                ada__numerics__elementary_functions__arctan
                0x020170ec                ada__numerics__elementary_functions__sin
                0x02015c34                ada__numerics__elementary_functions__arccos
                0x02016880                ada__numerics__elementary_functions__cos__2
                0x020173c0                ada__numerics__elementary_functions__tan
                0x02016c74                ada__numerics__elementary_functions__exp
                0x02016970                ada__numerics__elementary_functions__cot
                0x02016688                ada__numerics__elementary_functions__arctanh
 .text          0x0201760c       0x18 /usr/local/openravenscar/lib/gcc-lib/sparc-ork-elf/2.8.1/adalib/libgnat.a(a-numeri.o)
                0x0201760c                ada__numerics___elabs
 .text          0x02017624       0xc0 /usr/local/openravenscar/lib/gcc-lib/sparc-ork-elf/2.8.1/adalib/libgnat.a(a-stream.o)
                0x0201763c                ada__streams___elabs
                0x02017634                ada__streams___deep_finalize
                0x02017624                ada__streams___size
                0x020176d4                ada__streams___init_proc
 .text          0x020176e4      0x934 /usr/local/openravenscar/lib/gcc-lib/sparc-ork-elf/2.8.1/adalib/libgnat.a(a-tags.o)
                0x02017d4c                ada__tags__length
                0x02017fb8                ada__tags___init_proc
                0x02017858                ada__tags__external_tag_htable__removeXn
                0x02017e70                ada__tags__get_rc_offset
                0x02017f8c                ada__tags__set_remotely_callable
                0x02017f54                ada__tags__set_prim_op_address
                0x02017f34                ada__tags__register_tag
                0x02017ed4                ada__tags__inherit_tsd
                0x020176e4                ada__tags___elabs
                0x02017e4c                ada__tags__get_expanded_name
                0x02017f68                ada__tags__set_expanded_name
                0x02017e7c                ada__tags__get_remotely_callable
                0x02017a74                ada__tags__expanded_name
                0x020176fc                ada__tags__external_tag_htable__getXn
                0x02017e64                ada__tags__get_inheritance_depth
                0x02017e94                ada__tags__get_tsd
                0x02017950                ada__tags__external_tag_htable__setXn
                0x02017e0c                ada__tags__cw_membership
                0x02017e9c                ada__tags__inherit_dt
                0x020177a4                ada__tags__external_tag_htable__get_nextXn
                0x02017b7c                ada__tags__get_external_tag
                0x02017ba0                ada__tags__internal_tag
                0x02017fc0                ada__tags___init_proc__2
                0x02017da8                ada__tags___elabb
                0x02017f60                ada__tags__set_tsd
                0x02017f74                ada__tags__set_external_tag
                0x020179c4                ada__tags__get_ht_link
                0x02017d80                ada__tags__parent_size
                0x0201798c                ada__tags__equal
                0x02017770                ada__tags__external_tag_htable__get_firstXn
                0x02017f48                ada__tags__set_inheritance_depth
                0x02017af8                ada__tags__external_tag
                0x020177e0                ada__tags__external_tag_htable__get_non_nullXn
                0x02017e58                ada__tags__get_prim_op_address
                0x02017f80                ada__tags__set_rc_offset
                0x02017a30                ada__tags__hash
                0x02017910                ada__tags__external_tag_htable__resetXn
                0x02017a68                ada__tags__set_ht_link
                0x02017fcc                ada__tags__external_tag_htable___init_procXn
 .text          0x02018018      0x25c /usr/local/openravenscar/lib/gcc-lib/sparc-ork-elf/2.8.1/adalib/libgnat.a(g-except.o)
                0x02018164                gnat__exceptions___deep_finalize
                0x02018030                gnat__exceptions___write
                0x0201806c                gnat__exceptions___output
                0x0201808c                gnat__exceptions___assign
                0x02018038                gnat__exceptions___input
                0x0201816c                gnat__exceptions___elabs
                0x02018028                gnat__exceptions___read
                0x02018018                gnat__exceptions___size
                0x02018264                gnat__exceptions___init_proc
                0x02018084                gnat__exceptions__Oeq
                0x0201815c                gnat__exceptions___deep_adjust
 .text          0x02018274      0x174 /usr/local/openravenscar/lib/gcc-lib/sparc-ork-elf/2.8.1/adalib/libgnat.a(g-hesora.o)
                0x02018344                gnat__heap_sort_a__sort
 .text          0x020183e8      0xc6c /usr/local/openravenscar/lib/gcc-lib/sparc-ork-elf/2.8.1/adalib/libgnat.a(i-c.o)
                0x02018cf8                interfaces__c__to_c__4
                0x02018838                interfaces__c__to_ada__6
                0x0201844c                interfaces__c__is_nul_terminated__2
                0x0201849c                interfaces__c__to_ada
                0x020184a4                interfaces__c__to_ada__2
                0x02018960                interfaces__c__to_c
                0x02018400                interfaces__c__is_nul_terminated
                0x02018eac                interfaces__c__to_c__6
                0x020185d8                interfaces__c__to_ada__3
                0x020183e8                interfaces__c___elabs
                0x02018b60                interfaces__c__to_c__3
                0x020186f8                interfaces__c__to_ada__5
                0x02018d00                interfaces__c__to_c__5
                0x02018968                interfaces__c__to_c__2
                0x020186f0                interfaces__c__to_ada__4
 .text          0x02019054     0x13b4 /usr/local/openravenscar/lib/gcc-lib/sparc-ork-elf/2.8.1/adalib/libgnat.a(s-arit64.o)
                0x02019190                system__arith_64__hi
                0x02019738                system__arith_64__scaled_divide
                0x02019708                system__arith_64__raise_error
                0x02019108                system__arith_64__Odivide
                0x0201907c                system__arith_64__Oadd__2
                0x0201a334                system__arith_64__subtract_with_ovflo_check
                0x020190ac                system__arith_64__Omultiply
                0x020191a0                system__arith_64__lo
                0x020190dc                system__arith_64__Omultiply__2
                0x02019214                system__arith_64__double_divide
                0x02019504                system__arith_64__multiply_with_ovflo_check
                0x0201a3e8                system__arith_64__to_pos_int
                0x02019054                system__arith_64__Oadd
                0x02019160                system__arith_64__Oconcat
                0x0201a3b0                system__arith_64__to_neg_int
                0x02019134                system__arith_64__Orem
                0x020191a8                system__arith_64__add_with_ovflo_check
                0x02019094                system__arith_64__Osubtract
 .text          0x0201a408      0x16c /usr/local/openravenscar/lib/gcc-lib/sparc-ork-elf/2.8.1/adalib/libgnat.a(s-except.o)
                0x0201a42c                system__exceptions___init_proc
                0x0201a408                system__exceptions___elabs
                0x0201a4d4                system__exceptions___init_proc__4
                0x0201a474                system__exceptions___init_proc__3
                0x0201a514                system__exceptions___init_proc__5
                0x0201a434                system__exceptions___init_proc__2
 .text          0x0201a574      0x54c /usr/local/openravenscar/lib/gcc-lib/sparc-ork-elf/2.8.1/adalib/libgnat.a(s-exctab.o)
                0x0201a888                system__exception_table__get_key
                0x0201a61c                system__exception_table__exception_htable__get_nextXn
                0x0201a850                system__exception_table__equal
                0x0201a7c8                system__exception_table__exception_htable__setXn
                0x0201aa74                system__exception_table__exception_htable___init_procXn
                0x0201a574                system__exception_table__exception_htable__getXn
                0x0201a80c                system__exception_table__get_ht_link
                0x0201a788                system__exception_table__exception_htable__resetXn
                0x0201a804                system__exception_table__set_ht_link
                0x0201a890                system__exception_table__internal_exception
                0x0201a658                system__exception_table__exception_htable__get_non_nullXn
                0x0201a814                system__exception_table__hash
                0x0201a5e8                system__exception_table__exception_htable__get_firstXn
                0x0201a9c4                system__exception_table___elabb
                0x0201a9b0                system__exception_table__register_exception
                0x0201a6d0                system__exception_table__exception_htable__removeXn
 .text          0x0201aac0      0x1c4 /usr/local/openravenscar/lib/gcc-lib/sparc-ork-elf/2.8.1/adalib/libgnat.a(s-exnflt.o)
                0x0201aac0                system__exn_flt__exn_float
 .text          0x0201ac84      0xb2c /usr/local/openravenscar/lib/gcc-lib/sparc-ork-elf/2.8.1/adalib/libgnat.a(s-fatflt.o)
                0x0201b638                system__fat_flt__fat_float__truncation
                0x0201adc8                system__fat_flt__fat_float__decompose
                0x0201b15c                system__fat_flt__fat_float__model
                0x0201b064                system__fat_flt__fat_float__floor
                0x0201b170                system__fat_flt__fat_float__pred
                0x0201b438                system__fat_flt__fat_float__scaling
                0x0201b0ec                system__fat_flt__fat_float__leading_part
                0x0201b6e8                system__fat_flt__fat_float__unbiased_rounding
                0x0201acdc                system__fat_flt__fat_float__ceiling
                0x0201ad3c                system__fat_flt__fat_float__compose
                0x0201b03c                system__fat_flt__fat_float__exponent
                0x0201b0c4                system__fat_flt__fat_float__fraction
                0x0201afb4                system__fat_flt__fat_float__gradual_scaling
                0x0201b228                system__fat_flt__fat_float__remainder
                0x0201b3b0                system__fat_flt__fat_float__rounding
                0x0201ac84                system__fat_flt__fat_float__adjacent
                0x0201b550                system__fat_flt__fat_float__succ
                0x0201b790                system__fat_flt__fat_float__valid
                0x0201ad6c                system__fat_flt__fat_float__copy_sign
                0x0201b148                system__fat_flt__fat_float__machine
 .text          0x0201b7b0     0x13dc /usr/local/openravenscar/lib/gcc-lib/sparc-ork-elf/2.8.1/adalib/libgnat.a(s-finimp.o)
                0x0201c9d0                system__finalization_implementation__deep_tag_attach
                0x0201b9dc                system__finalization_implementation___read__2
                0x0201c030                system__finalization_implementation__detach_from_final_list
                0x0201b874                system__finalization_implementation___output
                0x0201c48c                system__finalization_implementation__finalize_list
                0x0201baa8                system__finalization_implementation__Oeq__2
                0x0201cb5c                system__finalization_implementation___init_proc__2
                0x0201b8d4                system__finalization_implementation___assign
                0x0201ca88                system__finalization_implementation__initialize__2
                0x0201be94                system__finalization_implementation__attach_to_final_list
                0x0201c834                system__finalization_implementation__deep_tag_adjust
                0x0201baf0                system__finalization_implementation___assign__2
                0x0201b88c                system__finalization_implementation__Oeq
                0x0201b81c                system__finalization_implementation___input
                0x0201b7f8                system__finalization_implementation___write
                0x0201c744                system__finalization_implementation__deep_tag_initialize
                0x0201ca80                system__finalization_implementation__initialize
                0x0201cb38                system__finalization_implementation___init_proc
                0x0201ba00                system__finalization_implementation___write__2
                0x0201bbf0                system__finalization_implementation___elabs
                0x0201ba90                system__finalization_implementation___output__2
                0x0201ba24                system__finalization_implementation___input__2
                0x0201b7c0                system__finalization_implementation___read
                0x0201c5f8                system__finalization_implementation__finalize_one
                0x0201c900                system__finalization_implementation__deep_tag_finalize
                0x0201c5d0                system__finalization_implementation__finalize_global_list
                0x0201cb24                system__finalization_implementation__finalize
                0x0201b9cc                system__finalization_implementation___size__2
                0x0201caf0                system__finalization_implementation__adjust__2
                0x0201b7b0                system__finalization_implementation___size
 .text          0x0201cb8c      0x658 /usr/local/openravenscar/lib/gcc-lib/sparc-ork-elf/2.8.1/adalib/libgnat.a(s-finroo.o)
                0x0201cb8c                system__finalization_root___size
                0x0201d1c0                system__finalization_root___init_proc__2
                0x0201cb9c                system__finalization_root___read
                0x0201ced4                system__finalization_root___elabs
                0x0201cd8c                system__finalization_root__Oeq__2
                0x0201cd1c                system__finalization_root___input__2
                0x0201cba4                system__finalization_root___write
                0x0201cbb4                system__finalization_root___assign
                0x0201d180                system__finalization_root__finalize
                0x0201cd74                system__finalization_root___output__2
                0x0201d120                system__finalization_root__initialize
                0x0201cbac                system__finalization_root__Oeq
                0x0201cc94                system__finalization_root___read__2
                0x0201ccec                system__finalization_root___write__2
                0x0201cc84                system__finalization_root___size__2
                0x0201d150                system__finalization_root__adjust
                0x0201cde4                system__finalization_root___assign__2
                0x0201d1b0                system__finalization_root___init_proc
 .text          0x0201d1e4      0x1b4 /usr/local/openravenscar/lib/gcc-lib/sparc-ork-elf/2.8.1/adalib/libgnat.a(s-imgint.o)
                0x0201d320                system__img_int__set_image_integer
                0x0201d1e4                system__img_int__image_integer
 .text          0x0201d398      0xbc8 /usr/local/openravenscar/lib/gcc-lib/sparc-ork-elf/2.8.1/adalib/libgnat.a(s-imgrea.o)
                0x0201d398                system__img_real__image_ordinary_fixed_point
                0x0201da84                system__img_real__set_image_real
                0x0201d46c                system__img_real__image_floating_point
 .text          0x0201df60      0x160 /usr/local/openravenscar/lib/gcc-lib/sparc-ork-elf/2.8.1/adalib/libgnat.a(s-imguns.o)
                0x0201df60                system__img_uns__image_unsigned
                0x0201e080                system__img_uns__set_image_unsigned
 .text          0x0201e0c0       0x40 /usr/local/openravenscar/lib/gcc-lib/sparc-ork-elf/2.8.1/adalib/libgnat.a(s-mastop.o)
                0x0201e0d8                system__machine_state_operations__get_code_loc
                0x0201e0c0                system__machine_state_operations__allocate_machine_state
                0x0201e0f8                system__machine_state_operations__set_signal_machine_state
                0x0201e0d0                system__machine_state_operations__free_machine_state
                0x0201e0e0                system__machine_state_operations__machine_state_length
                0x0201e0c8                system__machine_state_operations__enter_handler
                0x0201e0f0                system__machine_state_operations__set_machine_state
                0x0201e0e8                system__machine_state_operations__pop_frame
 .text          0x0201e100       0x50 /usr/local/openravenscar/lib/gcc-lib/sparc-ork-elf/2.8.1/adalib/libgnat.a(s-parame.o)
                0x0201e108                system__parameters__minimum_stack_size
                0x0201e110                system__parameters__adjust_storage_size
                0x0201e100                system__parameters__default_stack_size
 .text          0x0201e150      0x314 /usr/local/openravenscar/lib/gcc-lib/sparc-ork-elf/2.8.1/adalib/libgnat.a(s-secsta.o)
                0x0201e45c                system__secondary_stack___init_proc__2
                0x0201e400                system__secondary_stack___elabb
                0x0201e150                system__secondary_stack__ss_allocate
                0x0201e344                system__secondary_stack__ss_free
                0x0201e3e0                system__secondary_stack__ss_release
                0x0201e3c0                system__secondary_stack__ss_mark
                0x0201e448                system__secondary_stack___init_proc
                0x0201e2e0                system__secondary_stack__ss_init
 .text          0x0201e464      0x1fc /usr/local/openravenscar/lib/gcc-lib/sparc-ork-elf/2.8.1/adalib/libgnat.a(s-sopco3.o)
                0x0201e464                system__string_ops_concat_3__str_concat_3
 .text          0x0201e660      0x1e4 /usr/local/openravenscar/lib/gcc-lib/sparc-ork-elf/2.8.1/adalib/libgnat.a(s-stache.o)
                0x0201e660                system__stack_checking___elabs
                0x0201e678                _gnat_stack_check
                0x0201e7fc                system__stack_checking__set_stack_size
                0x0201e834                system__stack_checking___init_proc
                0x0201e704                system__stack_checking__invalidate_stack_cache
                0x0201e824                system__stack_checking__update_stack_cache
 .text          0x0201e844       0x28 /usr/local/openravenscar/lib/gcc-lib/sparc-ork-elf/2.8.1/adalib/libgnat.a(s-stalib.o)
                0x0201e844                system__standard_library__abort_undefer_direct
                0x0201e860                system__standard_library___init_proc
 .text          0x0201e86c       0x64 /usr/local/openravenscar/lib/gcc-lib/sparc-ork-elf/2.8.1/adalib/libgnat.a(s-stoele.o)
                0x0201e88c                system__storage_elements__Omod
                0x0201e8c0                system__storage_elements__to_address
                0x0201e874                system__storage_elements__Oadd__2
                0x0201e87c                system__storage_elements__Osubtract
                0x0201e86c                system__storage_elements__Oadd
                0x0201e8c8                system__storage_elements__to_integer
                0x0201e884                system__storage_elements__Osubtract__2
 .text          0x0201e8d0     0x102c /usr/local/openravenscar/lib/gcc-lib/sparc-ork-elf/2.8.1/adalib/libgnat.a(s-stratt.o)
                0x0201efe8                system__stream_attributes__i_si
                0x0201f2a0                system__stream_attributes__w_ad
                0x0201e9d8                system__stream_attributes__i_b
                0x0201f394                system__stream_attributes__w_c
                0x0201ebb0                system__stream_attributes__i_lf
                0x0201ef60                system__stream_attributes__i_sf
                0x0201f81c                system__stream_attributes__w_su
                0x0201ea3c                system__stream_attributes__i_c
                0x0201ece0                system__stream_attributes__i_llf
                0x0201f128                system__stream_attributes__i_su
                0x0201ee30                system__stream_attributes__i_llu
                0x0201f718                system__stream_attributes__w_sf
                0x0201f1a0                system__stream_attributes__i_u
                0x0201f8b8                system__stream_attributes__w_wc
                0x0201e8d0                system__stream_attributes__i_ad
                0x0201f860                system__stream_attributes__w_u
                0x0201f6c0                system__stream_attributes__w_lu
                0x0201f360                system__stream_attributes__w_b
                0x0201f5c8                system__stream_attributes__w_lli
                0x0201f0c4                system__stream_attributes__i_ssu
                0x0201ec58                system__stream_attributes__i_li
                0x0201f7b4                system__stream_attributes__w_ssi
                0x0201f770                system__stream_attributes__w_si
                0x0201f478                system__stream_attributes__w_lf
                0x0201f060                system__stream_attributes__i_ssi
                0x0201eaa0                system__stream_attributes__i_f
                0x0201f4f4                system__stream_attributes__w_li
                0x0201f310                system__stream_attributes__w_as
                0x0201f420                system__stream_attributes__w_i
                0x0201eb28                system__stream_attributes__i_i
                0x0201ed88                system__stream_attributes__i_lli
                0x0201f228                system__stream_attributes__i_wc
                0x0201f54c                system__stream_attributes__w_llf
                0x0201f7e8                system__stream_attributes__w_ssu
                0x0201e948                system__stream_attributes__i_as
                0x0201f3c8                system__stream_attributes__w_f
                0x0201f644                system__stream_attributes__w_llu
                0x0201eed8                system__stream_attributes__i_lu
 .text          0x0201f8fc      0x5b8 /usr/local/openravenscar/lib/gcc-lib/sparc-ork-elf/2.8.1/adalib/libgnat.a(s-strops.o)
                0x0201fd20                system__string_ops__str_equal
                0x0201fbf8                system__string_ops__str_concat_sc
                0x0201fe30                system__string_ops__str_normalize
                0x0201f8fc                system__string_ops__str_concat
                0x0201fb1c                system__string_ops__str_concat_cs
                0x0201fe70                system__string_ops__wide_str_normalize
                0x0201fabc                system__string_ops__str_concat_cc
 .text          0x0201feb4      0x298 /usr/local/openravenscar/lib/gcc-lib/sparc-ork-elf/2.8.1/adalib/libgnat.a(s-soflin.o)
                0x02020018                system__soft_links__set_jmpbuf_address_soft
                0x0201ff84                system__soft_links__get_stack_info_nt
                0x020200e0                system__soft_links___elabb
                0x0201ff78                system__soft_links__get_current_excep_nt
                0x02020088                system__soft_links__set_exc_stack_addr_soft
                0x0201feb4                system__soft_links__abort_defer_nt
                0x0201fee8                system__soft_links__check_abort_status_nt
                0x0201ff30                system__soft_links__get_sec_stack_addr_nt
                0x0201ff24                system__soft_links__set_jmpbuf_address_nt
                0x0201ff08                system__soft_links__task_lock_nt
                0x020200c4                system__soft_links__set_machine_state_addr_soft
                0x0201fef8                system__soft_links__current_master_nt
                0x0201febc                system__soft_links__abort_handler_nt
                0x0201ffb4                system__soft_links__destroy_tsd
                0x0202006c                system__soft_links__get_exc_stack_addr_soft
                0x0201ff18                system__soft_links__get_jmpbuf_address_nt
                0x0201fec4                system__soft_links__abort_undefer_nt
                0x0201ff90                system__soft_links__create_tsd
                0x0201ff54                system__soft_links__set_machine_state_addr_nt
                0x0201ff3c                system__soft_links__set_sec_stack_addr_nt
                0x0201fecc                system__soft_links__update_exception_nt
                0x0201ff6c                system__soft_links__set_exc_stack_addr_nt
                0x02020120                system__soft_links___init_proc
                0x0201fffc                system__soft_links__get_jmpbuf_address_soft
                0x0201ff00                system__soft_links__enter_master_nt
                0x020200a8                system__soft_links__get_machine_state_addr_soft
                0x02020050                system__soft_links__set_sec_stack_addr_soft
                0x0201ff10                system__soft_links__task_unlock_nt
                0x0201ffd8                system__soft_links__get_gnat_exception
                0x02020034                system__soft_links__get_sec_stack_addr_soft
                0x0201fef0                system__soft_links__complete_master_nt
                0x0201ff48                system__soft_links__get_machine_state_addr_nt
                0x0201ff60                system__soft_links__get_exc_stack_addr_nt
 .text          0x0202014c       0x68 /usr/local/openravenscar/lib/gcc-lib/sparc-ork-elf/2.8.1/adalib/libgnat.a(s-traceb.o)
                0x02020160                system__traceback__get_code_loc
                0x02020188                system__traceback__pop_frame
                0x02020174                system__traceback__free_machine_state
                0x0202014c                system__traceback__allocate_machine_state
                0x020201a0                system__traceback__set_machine_state
 .text          0x020201b4       0xfc /usr/local/openravenscar/lib/gcc-lib/sparc-ork-elf/2.8.1/adalib/libgnat.a(a-argv.o)
                0x0202027c                fill_env
                0x02020220                env_count
                0x0202025c                len_env
                0x020201b4                arg_count
                0x020201c0                gnat_argval
                0x020201ec                fill_arg
                0x020201cc                len_arg
 .text          0x020202b0      0x14c /usr/local/openravenscar/lib/gcc-lib/sparc-ork-elf/2.8.1/adalib/libgnat.a(a-cio.o)
                0x020202d0                put_int
                0x020202ec                get_char
                0x020202b0                get_int
                0x020203dc                put_char_stderr
                0x0202033c                put_char
 .text          0x020203fc        0xc /usr/local/openravenscar/lib/gcc-lib/sparc-ork-elf/2.8.1/adalib/libgnat.a(a-exit.o)
                0x020203fc                set_gnat_exit_status
 .text          0x02020408      0x1f4 /usr/local/openravenscar/lib/gcc-lib/sparc-ork-elf/2.8.1/adalib/libgnat.a(a-raise.o)
                0x02020408                _gnat_builtin_longjmp
                0x02020460                __gnat_malloc
                0x02020518                __gnat_free
                0x02020448                __gnat_unhandled_terminate
                0x02020554                __gnat_realloc
 .text          0x020205fc      0x410 /usr/local/openravenscar/lib/gcc-lib/sparc-ork-elf/2.8.1/adalib/libgnat.a(a-init.o)
                0x020207f0                __gnat_pop_frame
                0x02020a04                __gnat_init_float
                0x020205fc                __gnat_set_globals
                0x020209fc                __gnat_get_code_loc
                0x02020654                __gnat_initialize
                0x02020940                __gnat_enter_handler
                0x020209f4                __gnat_machine_state_length
                0x02020894                __gnat_set_machine_state
 .text          0x02020a0c        0x8 /usr/local/openravenscar/lib/gcc-lib/sparc-ork-elf/2.8.1/adalib/libgnat.a(a-final.o)
                0x02020a0c                __gnat_finalize
 .text          0x02020a14      0xc1c /usr/local/openravenscar/lib/gcc-lib/sparc-ork-elf/2.8.1/adalib/libgnat.a(s-fatllf.o)
                0x02020b18                system__fat_llf__fat_long_long_float__copy_sign
                0x02020d88                system__fat_llf__fat_long_long_float__gradual_scaling
                0x0202155c                system__fat_llf__fat_long_long_float__unbiased_rounding
                0x02020e20                system__fat_llf__fat_long_long_float__exponent
                0x02020ae4                system__fat_llf__fat_long_long_float__compose
                0x02020e4c                system__fat_llf__fat_long_long_float__floor
                0x02020a14                system__fat_llf__fat_long_long_float__adjacent
                0x02020f78                system__fat_llf__fat_long_long_float__pred
                0x02020eb8                system__fat_llf__fat_long_long_float__fraction
                0x02021038                system__fat_llf__fat_long_long_float__remainder
                0x02021280                system__fat_llf__fat_long_long_float__scaling
                0x02020a78                system__fat_llf__fat_long_long_float__ceiling
                0x02020b7c                system__fat_llf__fat_long_long_float__decompose
                0x020213a8                system__fat_llf__fat_long_long_float__succ
                0x02020ee4                system__fat_llf__fat_long_long_float__leading_part
                0x020211e8                system__fat_llf__fat_long_long_float__rounding
                0x02020f60                system__fat_llf__fat_long_long_float__model
                0x02021608                system__fat_llf__fat_long_long_float__valid
                0x02021498                system__fat_llf__fat_long_long_float__truncation
                0x02020f4c                system__fat_llf__fat_long_long_float__machine
 .text          0x02021630      0x18c /usr/local/openravenscar/lib/gcc-lib/sparc-ork-elf/2.8.1/adalib/libgnat.a(s-imgllu.o)
                0x02021630                system__img_llu__image_long_long_unsigned
                0x02021778                system__img_llu__set_image_long_long_unsigned
 .text          0x020217bc      0x894 /usr/local/openravenscar/lib/gcc-lib/sparc-ork-elf/2.8.1/adalib/libgnat.a(a-adaint.o)
                0x0202194c                get_object_suffix_ptr
                0x020218f8                Get_Default_Identifier_Character_Set
                0x020218e0                Get_Maximum_File_Name_Length
                0x020218f0                Get_File_Names_Case_Sensitive
                0x02021b68                file_time_name
                0x02021908                Get_Pathsep_Char
                0x020219e8                open_read
                0x02021900                Get_Dirsep_Char
                0x02021c00                is_regular_file
                0x020218e8                Get_Switch_Character
                0x02021db4                locate_regular_file
                0x02022004                to_canonical_file_list_next
                0x02022030                to_host_dir_spec
                0x02021be0                __gnat_file_exists
                0x02021ad4                __gnat_mkdir
                0x02022028                to_canonical_path_spec
                0x02021c80                is_writable_file
                0x02021aac                open_new_temp
                0x02021cb4                portable_spawn
                0x02022018                to_canonical_dir_spec
                0x02021ba0                get_env_value_ptr
                0x02021b84                file_time_fd
                0x02021b60                readdir_is_thread_safe
                0x02021a84                open_new
                0x020217bc                to_gm_time
                0x02021830                Try_Lock
                0x02022020                to_canonical_file_spec
                0x02021d70                portable_wait
                0x02021ffc                to_canonical_file_list_init
                0x02022048                convert_addresses
                0x02021980                get_executable_suffix_ptr
                0x02021c40                is_directory
                0x02021a5c                open_append
                0x02021a34                open_create
                0x02021a0c                open_rw
                0x02021aec                file_length
                0x02021b2c                readdir_gnat
                0x02022040                adjust_os_resource_limits
                0x02021f40                locate_exec
                0x02021d30                portable_no_block_spawn
                0x02021da0                os_exit
                0x02021bd4                Get_Libraries_From_Registry
                0x02022010                to_canonical_file_list_free
                0x02021910                Get_Current_Dir
                0x02022038                to_host_file_spec
                0x02021fb4                locate_exec_on_path
                0x020219b4                get_debuggable_suffix_ptr
 .text          0x02022050      0x294 /usr/local/openravenscar/sparc-ork-elf/lib/libm.a(s_atan.o)
                0x02022050                atan
 .text          0x020222e4       0xf0 /usr/local/openravenscar/sparc-ork-elf/lib/libm.a(s_cos.o)
                0x020222e4                cos
 .text          0x020223d4       0x2c /usr/local/openravenscar/sparc-ork-elf/lib/libm.a(s_fabs.o)
                0x020223d4                fabs
 .text          0x02022400       0xf0 /usr/local/openravenscar/sparc-ork-elf/lib/libm.a(s_sin.o)
                0x02022400                sin
 .text          0x020224f0       0x9c /usr/local/openravenscar/sparc-ork-elf/lib/libm.a(s_tan.o)
                0x020224f0                tan
 .text          0x0202258c      0x134 /usr/local/openravenscar/sparc-ork-elf/lib/libm.a(s_tanh.o)
                0x0202258c                tanh
 .text          0x020226c0       0xf8 /usr/local/openravenscar/sparc-ork-elf/lib/libm.a(w_acos.o)
                0x020226c0                acos
 .text          0x020227b8       0xf8 /usr/local/openravenscar/sparc-ork-elf/lib/libm.a(w_asin.o)
                0x020227b8                asin
 .text          0x020228b0      0x1c0 /usr/local/openravenscar/sparc-ork-elf/lib/libm.a(w_exp.o)
                0x020228b0                exp
 .text          0x02022a70      0x184 /usr/local/openravenscar/sparc-ork-elf/lib/libm.a(w_log.o)
                0x02022a70                log
 .text          0x02022bf4      0x60c /usr/local/openravenscar/sparc-ork-elf/lib/libm.a(w_pow.o)
                0x02022bf4                pow
 .text          0x02023200      0x118 /usr/local/openravenscar/sparc-ork-elf/lib/libm.a(w_sqrt.o)
                0x02023200                sqrt
 .text          0x02023318      0x3ac /usr/local/openravenscar/sparc-ork-elf/lib/libm.a(e_acos.o)
                0x02023318                __ieee754_acos
 .text          0x020236c4      0x340 /usr/local/openravenscar/sparc-ork-elf/lib/libm.a(e_asin.o)
                0x020236c4                __ieee754_asin
 .text          0x02023a04      0x2f0 /usr/local/openravenscar/sparc-ork-elf/lib/libm.a(e_exp.o)
                0x02023a04                __ieee754_exp
 .text          0x02023cf4      0x310 /usr/local/openravenscar/sparc-ork-elf/lib/libm.a(e_log.o)
                0x02023cf4                __ieee754_log
 .text          0x02024004      0x99c /usr/local/openravenscar/sparc-ork-elf/lib/libm.a(e_pow.o)
                0x02024004                __ieee754_pow
 .text          0x020249a0      0x3d8 /usr/local/openravenscar/sparc-ork-elf/lib/libm.a(e_rem_pio2.o)
                0x020249a0                __ieee754_rem_pio2
 .text          0x02024d78      0x264 /usr/local/openravenscar/sparc-ork-elf/lib/libm.a(e_sqrt.o)
                0x02024d78                __ieee754_sqrt
 .text          0x02024fdc      0x17c /usr/local/openravenscar/sparc-ork-elf/lib/libm.a(k_cos.o)
                0x02024fdc                __kernel_cos
 .text          0x02025158      0x838 /usr/local/openravenscar/sparc-ork-elf/lib/libm.a(k_rem_pio2.o)
                0x02025158                __kernel_rem_pio2
 .text          0x02025990      0x11c /usr/local/openravenscar/sparc-ork-elf/lib/libm.a(k_sin.o)
                0x02025990                __kernel_sin
 .text          0x02025aac      0x2b4 /usr/local/openravenscar/sparc-ork-elf/lib/libm.a(k_tan.o)
                0x02025aac                __kernel_tan
 .text          0x02025d60      0x40c /usr/local/openravenscar/sparc-ork-elf/lib/libm.a(s_expm1.o)
                0x02025d60                expm1
 .text          0x0202616c       0x18 /usr/local/openravenscar/sparc-ork-elf/lib/libm.a(s_finite.o)
                0x0202616c                finite
 .text          0x02026184      0x1a0 /usr/local/openravenscar/sparc-ork-elf/lib/libm.a(s_floor.o)
                0x02026184                floor
 .text          0x02026324       0x28 /usr/local/openravenscar/sparc-ork-elf/lib/libm.a(s_isnan.o)
                0x02026324                isnan
 .text          0x0202634c        0x8 /usr/local/openravenscar/sparc-ork-elf/lib/libm.a(s_matherr.o)
                0x0202634c                matherr
 .text          0x02026354      0x1c8 /usr/local/openravenscar/sparc-ork-elf/lib/libm.a(s_rint.o)
                0x02026354                rint
 .text          0x0202651c      0x1d8 /usr/local/openravenscar/sparc-ork-elf/lib/libm.a(s_scalbn.o)
                0x0202651c                scalbn
 .text          0x020266f4       0x40 /usr/local/openravenscar/sparc-ork-elf/lib/libm.a(s_copysign.o)
                0x020266f4                copysign
 .text          0x02026734        0x8 /usr/local/openravenscar/lib/gcc-lib/sparc-ork-elf/2.8.1/libgcc.a(__dummy.o)
                0x02026734                __dummy
 .text          0x0202673c       0x48 /usr/local/openravenscar/lib/gcc-lib/sparc-ork-elf/2.8.1/libgcc.a(_ashldi3.o)
                0x0202673c                __ashldi3
 .text          0x02026784       0x38 /usr/local/openravenscar/lib/gcc-lib/sparc-ork-elf/2.8.1/libgcc.a(_cmpdi2.o)
                0x02026784                __cmpdi2
 .text          0x020267bc      0x3c0 /usr/local/openravenscar/lib/gcc-lib/sparc-ork-elf/2.8.1/libgcc.a(_divdi3.o)
                0x020267bc                __divdi3
 .text          0x02026b7c      0x1f4 /usr/local/openravenscar/lib/gcc-lib/sparc-ork-elf/2.8.1/libgcc.a(_divsi3.o)
                0x02026b7c                udiv
                0x02026b88                div
 .text          0x02026d70       0x58 /usr/local/openravenscar/lib/gcc-lib/sparc-ork-elf/2.8.1/libgcc.a(_fixsfdi.o)
                0x02026d70                __fixsfdi
 .text          0x02026dc8      0x1c0 /usr/local/openravenscar/lib/gcc-lib/sparc-ork-elf/2.8.1/libgcc.a(_fixunsdfdi.o)
                0x02026dc8                __fixunsdfdi
 .text          0x02026f88      0x1c8 /usr/local/openravenscar/lib/gcc-lib/sparc-ork-elf/2.8.1/libgcc.a(_fixunssfdi.o)
                0x02026f88                __fixunssfdi
 .text          0x02027150       0x54 /usr/local/openravenscar/lib/gcc-lib/sparc-ork-elf/2.8.1/libgcc.a(_floatdidf.o)
                0x02027150                __floatdidf
 .text          0x020271a4       0xa8 /usr/local/openravenscar/lib/gcc-lib/sparc-ork-elf/2.8.1/libgcc.a(_floatdisf.o)
                0x020271a4                __floatdisf
 .text          0x0202724c       0x48 /usr/local/openravenscar/lib/gcc-lib/sparc-ork-elf/2.8.1/libgcc.a(_lshrdi3.o)
                0x0202724c                __lshrdi3
 .text          0x02027294      0x1f4 /usr/local/openravenscar/lib/gcc-lib/sparc-ork-elf/2.8.1/libgcc.a(_modsi3.o)
                0x02027294                urem
                0x020272a0                rem
 .text          0x02027488       0xe0 /usr/local/openravenscar/lib/gcc-lib/sparc-ork-elf/2.8.1/libgcc.a(_muldi3.o)
                0x02027488                __muldi3
 .text          0x02027568       0xe8 /usr/local/openravenscar/lib/gcc-lib/sparc-ork-elf/2.8.1/libgcc.a(_mulsi3.o)
                0x02027568                umul
 .text          0x02027650      0x340 /usr/local/openravenscar/lib/gcc-lib/sparc-ork-elf/2.8.1/libgcc.a(_udivdi3.o)
                0x02027650                __udivdi3
 .text          0x02027990      0x39c /usr/local/openravenscar/lib/gcc-lib/sparc-ork-elf/2.8.1/libgcc.a(_umoddi3.o)
                0x02027990                __umoddi3
 .text          0x02027d2c      0xa48 /usr/local/openravenscar/lib/gcc-lib/sparc-ork-elf/2.8.1/libgcc.a(frame.o)
                0x02028650                __frame_state_for
                0x020285e8                __deregister_frame_info
                0x020285c0                __register_frame_info_table
                0x02028598                __register_frame_info
 .text          0x02028774       0x20 /usr/local/openravenscar/sparc-ork-elf/lib/libc.a(abort.o)
                0x02028774                abort
 .text          0x02028794       0x1c /usr/local/openravenscar/sparc-ork-elf/lib/libc.a(atoi.o)
                0x02028794                atoi
 .text          0x020287b0        0xc /usr/local/openravenscar/sparc-ork-elf/lib/libc.a(errno.o)
                0x020287b0                __errno
 .text          0x020287bc       0x8c /usr/local/openravenscar/sparc-ork-elf/lib/libc.a(exit.o)
                0x020287bc                exit
 .text          0x02028848       0x90 /usr/local/openravenscar/sparc-ork-elf/lib/libc.a(fputc.o)
                0x02028848                fputc
 .text          0x020288d8       0x40 /usr/local/openravenscar/sparc-ork-elf/lib/libc.a(getenv.o)
                0x020288f8                getenv
                0x020288d8                _findenv
 .text          0x02028918      0x100 /usr/local/openravenscar/sparc-ork-elf/lib/libc.a(getenv_r.o)
                0x02028918                _findenv_r
                0x020289fc                _getenv_r
 .text          0x02028a18       0x1c /usr/local/openravenscar/sparc-ork-elf/lib/libc.a(gmtime.o)
                0x02028a18                gmtime
 .text          0x02028a34       0x20 /usr/local/openravenscar/sparc-ork-elf/lib/libc.a(lcltime.o)
                0x02028a34                localtime
 .text          0x02028a54      0x21c /usr/local/openravenscar/sparc-ork-elf/lib/libc.a(lcltime_r.o)
                0x02028a54                localtime_r
 .text          0x02028c70       0x38 /usr/local/openravenscar/sparc-ork-elf/lib/libc.a(malloc.o)
                0x02028c70                malloc
                0x02028c8c                free
 .text          0x02028ca8      0x774 /usr/local/openravenscar/sparc-ork-elf/lib/libc.a(mallocr.o)
                0x02028e74                _malloc_r
 .text          0x0202941c       0x80 /usr/local/openravenscar/sparc-ork-elf/lib/libc.a(memcmp.o)
                0x0202941c                memcmp
 .text          0x0202949c       0xc4 /usr/local/openravenscar/sparc-ork-elf/lib/libc.a(memcpy.o)
                0x0202949c                memcpy
 .text          0x02029560       0xa4 /usr/local/openravenscar/sparc-ork-elf/lib/libc.a(memset.o)
                0x02029560                memset
 .text          0x02029604       0x10 /usr/local/openravenscar/sparc-ork-elf/lib/libc.a(mlock.o)
                0x0202960c                __malloc_unlock
                0x02029604                __malloc_lock
 .text          0x02029614       0x70 /usr/local/openravenscar/sparc-ork-elf/lib/libc.a(printf.o)
                0x02029644                printf
                0x02029614                _printf_r
 .text          0x02029684       0x20 /usr/local/openravenscar/sparc-ork-elf/lib/libc.a(realloc.o)
                0x02029684                realloc
 .text          0x020296a4      0x50c /usr/local/openravenscar/sparc-ork-elf/lib/libc.a(reallocr.o)
                0x020296a4                _realloc_r
 .text          0x02029bb0       0x40 /usr/local/openravenscar/sparc-ork-elf/lib/libc.a(rget.o)
                0x02029bb0                __srget
 .text          0x02029bf0       0x34 /usr/local/openravenscar/sparc-ork-elf/lib/libc.a(sbrkr.o)
                0x02029bf0                _sbrk_r
 .text          0x02029c24       0x64 /usr/local/openravenscar/sparc-ork-elf/lib/libc.a(scanf.o)
                0x02029c5c                _scanf_r
                0x02029c24                scanf
 .text          0x02029c88      0x24c /usr/local/openravenscar/sparc-ork-elf/lib/libc.a(signal.o)
                0x02029ce4                _signal_r
                0x02029d40                _raise_r
                0x02029ddc                __sigtramp_r
                0x02029e80                signal
                0x02029ea0                _init_signal
                0x02029c88                _init_signal_r
                0x02029eb8                __sigtramp
                0x02029e64                raise
 .text          0x02029ed4       0x4c /usr/local/openravenscar/sparc-ork-elf/lib/libc.a(signalr.o)
                0x02029ed4                _kill_r
                0x02029f0c                _getpid_r
 .text          0x02029f20       0xb4 /usr/local/openravenscar/sparc-ork-elf/lib/libc.a(sprintf.o)
                0x02029f20                _sprintf_r
                0x02029f74                sprintf
 .text          0x02029fd4       0x8c /usr/local/openravenscar/sparc-ork-elf/lib/libc.a(strcat.o)
                0x02029fd4                strcat
 .text          0x0202a060       0xb8 /usr/local/openravenscar/sparc-ork-elf/lib/libc.a(strcmp.o)
                0x0202a060                strcmp
 .text          0x0202a118       0x8c /usr/local/openravenscar/sparc-ork-elf/lib/libc.a(strcpy.o)
                0x0202a118                strcpy
 .text          0x0202a1a4       0x78 /usr/local/openravenscar/sparc-ork-elf/lib/libc.a(strlen.o)
                0x0202a1a4                strlen
 .text          0x0202a21c       0xcc /usr/local/openravenscar/sparc-ork-elf/lib/libc.a(strncmp.o)
                0x0202a21c                strncmp
 .text          0x0202a2e8       0xd4 /usr/local/openravenscar/sparc-ork-elf/lib/libc.a(strncpy.o)
                0x0202a2e8                strncpy
 .text          0x0202a3bc       0x68 /usr/local/openravenscar/sparc-ork-elf/lib/libc.a(strstr.o)
                0x0202a3bc                strstr
 .text          0x0202a424      0x1f8 /usr/local/openravenscar/sparc-ork-elf/lib/libc.a(strtol.o)
                0x0202a5f8                strtol
                0x0202a424                _strtol_r
 .text          0x0202a61c     0x19c4 /usr/local/openravenscar/sparc-ork-elf/lib/libc.a(vfprintf.o)
                0x0202a720                _vfprintf_r
                0x0202a700                vfprintf
 .text          0x0202bfe0      0xf30 /usr/local/openravenscar/sparc-ork-elf/lib/libc.a(vfscanf.o)
                0x0202bfe0                __svfscanf
                0x0202ce30                __sccl
 .text          0x0202cf10      0x10c /usr/local/openravenscar/sparc-ork-elf/lib/libc.a(wbuf.o)
                0x0202cf10                __swbuf
 .text          0x0202d01c      0x10c /usr/local/openravenscar/sparc-ork-elf/lib/libc.a(wsetup.o)
                0x0202d01c                __swsetup
 .text          0x0202d128       0x18 /usr/local/openravenscar/sparc-ork-elf/lib/libc.a(atof.o)
                0x0202d128                atof
 .text          0x0202d140     0x1250 /usr/local/openravenscar/sparc-ork-elf/lib/libc.a(dtoa.o)
                0x0202d32c                _dtoa_r
 .text          0x0202e390       0x10 /usr/local/openravenscar/sparc-ork-elf/lib/libc.a(envlock.o)
                0x0202e398                __env_unlock
                0x0202e390                __env_lock
 .text          0x0202e3a0       0xf0 /usr/local/openravenscar/sparc-ork-elf/lib/libc.a(fflush.o)
                0x0202e3a0                fflush
 .text          0x0202e490      0x228 /usr/local/openravenscar/sparc-ork-elf/lib/libc.a(findfp.o)
                0x0202e648                __sinit
                0x0202e4ec                __sfmoreglue
                0x0202e630                _cleanup
                0x0202e614                _cleanup_r
                0x0202e544                __sfp
 .text          0x0202e6b8       0xcc /usr/local/openravenscar/sparc-ork-elf/lib/libc.a(fread.o)
                0x0202e6b8                fread
 .text          0x0202e784      0x3c0 /usr/local/openravenscar/sparc-ork-elf/lib/libc.a(freer.o)
                0x0202e784                _free_r
                0x0202ea20                _malloc_trim_r
 .text          0x0202eb44      0x380 /usr/local/openravenscar/sparc-ork-elf/lib/libc.a(fvwrite.o)
                0x0202eb44                __sfvwrite
 .text          0x0202eec4       0x60 /usr/local/openravenscar/sparc-ork-elf/lib/libc.a(fwalk.o)
                0x0202eec4                _fwalk
 .text          0x0202ef24       0xa4 /usr/local/openravenscar/sparc-ork-elf/lib/libc.a(locale.o)
                0x0202ef24                _setlocale_r
                0x0202ef84                _localeconv_r
                0x0202ef90                setlocale
                0x0202efb0                localeconv
 .text          0x0202efc8      0x144 /usr/local/openravenscar/sparc-ork-elf/lib/libc.a(makebuf.o)
                0x0202efc8                __smakebuf
 .text          0x0202f10c       0x58 /usr/local/openravenscar/sparc-ork-elf/lib/libc.a(mbtowc_r.o)
                0x0202f10c                _mbtowc_r
 .text          0x0202f164       0xd4 /usr/local/openravenscar/sparc-ork-elf/lib/libc.a(memchr.o)
                0x0202f164                memchr
 .text          0x0202f238      0x110 /usr/local/openravenscar/sparc-ork-elf/lib/libc.a(memmove.o)
                0x0202f238                memmove
 .text          0x0202f348      0xd14 /usr/local/openravenscar/sparc-ork-elf/lib/libc.a(mprec.o)
                0x02030010                _mprec_log10
                0x0202f5bc                _hi0bits
                0x0202f348                _Balloc
                0x0202fe4c                _d2b
                0x0202f72c                _multiply
                0x0202ff80                _ratio
                0x0202f4fc                _s2b
                0x0202f708                _i2b
                0x0202f63c                _lo0bits
                0x0202fafc                __mcmp
                0x0202f918                _pow5mult
                0x0202fcc0                _ulp
                0x0202fd4c                _b2d
                0x0202f418                _multadd
                0x0202fb64                __mdiff
                0x0202fa00                _lshift
                0x0202f3e0                _Bfree
 .text          0x0203005c      0x19c /usr/local/openravenscar/sparc-ork-elf/lib/libc.a(refill.o)
                0x02030070                __srefill
 .text          0x020301f8       0x38 /usr/local/openravenscar/sparc-ork-elf/lib/libc.a(s_isinf.o)
                0x020301f8                isinf
 .text          0x02030230      0x104 /usr/local/openravenscar/sparc-ork-elf/lib/libc.a(stdio.o)
                0x020302cc                __sseek
                0x02030230                __sread
                0x0203031c                __sclose
                0x0203027c                __swrite
 .text          0x02030334      0xedc /usr/local/openravenscar/sparc-ork-elf/lib/libc.a(strtod.o)
                0x02030334                _strtod_r
                0x020311f4                strtodf
                0x020311d4                strtod
 .text          0x02031210      0x1d8 /usr/local/openravenscar/sparc-ork-elf/lib/libc.a(strtoul.o)
                0x020313c4                strtoul
                0x02031210                _strtoul_r
 .text          0x020313e8      0x228 /usr/local/openravenscar/sparc-ork-elf/lib/libc.a(ungetc.o)
                0x02031498                ungetc
                0x020313e8                __submore
 .text          0x02031610       0x3c /usr/local/openravenscar/sparc-ork-elf/lib/libc.a(writer.o)
                0x02031610                _write_r
 .text          0x0203164c       0xa8 /usr/local/openravenscar/sparc-ork-elf/lib/libc.a(callocr.o)
                0x0203164c                _calloc_r
 .text          0x020316f4       0x34 /usr/local/openravenscar/sparc-ork-elf/lib/libc.a(closer.o)
                0x020316f4                _close_r
 .text          0x02031728       0x38 /usr/local/openravenscar/sparc-ork-elf/lib/libc.a(fstatr.o)
                0x02031728                _fstat_r
 .text          0x02031760       0x3c /usr/local/openravenscar/sparc-ork-elf/lib/libc.a(lseekr.o)
                0x02031760                _lseek_r
 .text          0x0203179c       0x3c /usr/local/openravenscar/sparc-ork-elf/lib/libc.a(readr.o)
                0x0203179c                _read_r
 .text          0x020317d8      0x134 /usr/local/openravenscar/sparc-ork-elf/lib/libork.a(ada_exceptions.o)
                0x020317d8                Instruction_Access_Exception
                0x020318b4                Division_By_Zero
                0x02031888                Stack_Overflow
                0x02031804                Illegal_Instruction
                0x020318e0                Integer_Overflow
                0x0203185c                FP_Exception
                0x02031830                Address_Not_Aligned
 .text          0x0203190c       0x1c /usr/local/openravenscar/sparc-ork-elf/lib/libork.a(close.o)
                0x0203190c                close
 .text          0x02031928       0x30 /usr/local/openravenscar/sparc-ork-elf/lib/libork.a(execv.o)
                0x02031928                execv
 .text          0x02031958       0x28 /usr/local/openravenscar/sparc-ork-elf/lib/libork.a(fork.o)
                0x02031958                fork
 .text          0x02031980       0x30 /usr/local/openravenscar/sparc-ork-elf/lib/libork.a(fstat.o)
                0x02031980                fstat
 .text          0x020319b0       0x30 /usr/local/openravenscar/sparc-ork-elf/lib/libork.a(getcwd.o)
                0x020319b0                getcwd
 .text          0x020319e0       0x30 /usr/local/openravenscar/sparc-ork-elf/lib/libork.a(getpid.o)
                0x020319e0                getpid
                0x020319f8                getppid
 .text          0x02031a10       0x84 /usr/local/openravenscar/sparc-ork-elf/lib/libork.a(isatty.o)
                0x02031a10                isatty
 .text          0x02031a94       0x3c /usr/local/openravenscar/sparc-ork-elf/lib/libork.a(kill.o)
                0x02031a94                kill
 .text          0x02031ad0       0x30 /usr/local/openravenscar/sparc-ork-elf/lib/libork.a(link.o)
                0x02031ad0                link
 .text          0x02031b00       0x34 /usr/local/openravenscar/sparc-ork-elf/lib/libork.a(lseek.o)
                0x02031b00                lseek
 .text          0x02031b34       0x34 /usr/local/openravenscar/sparc-ork-elf/lib/libork.a(open.o)
                0x02031b34                open
 .text          0x02031b68      0x148 /usr/local/openravenscar/sparc-ork-elf/lib/libork.a(read.o)