Archive member included       because of file (symbol)

/usr/local/openravenscar/lib/gcc-lib/sparc-ork-elf/2.8.1/adalib/libgnarl.a(a-reatim.o)
                              ./devicesfss_v1.o (ada__real_time__clock)
/usr/local/openravenscar/lib/gcc-lib/sparc-ork-elf/2.8.1/adalib/libgnarl.a(a-retide.o)
                              ./button_interrupt.o (ada__real_time__delays__delay_until)
/usr/local/openravenscar/lib/gcc-lib/sparc-ork-elf/2.8.1/adalib/libgnarl.a(s-interr.o)
                              b~main.o (system__interrupts___elabs)
/usr/local/openravenscar/lib/gcc-lib/sparc-ork-elf/2.8.1/adalib/libgnarl.a(s-osinte.o)
                              /usr/local/openravenscar/lib/gcc-lib/sparc-ork-elf/2.8.1/adalib/libgnarl.a(s-interr.o) (system__os_interface__attach_handler)
/usr/local/openravenscar/lib/gcc-lib/sparc-ork-elf/2.8.1/adalib/libgnarl.a(s-taprob.o)
                              ./devicesfss_v1.o (system__tasking__protected_objects__initialize_protection)
/usr/local/openravenscar/lib/gcc-lib/sparc-ork-elf/2.8.1/adalib/libgnarl.a(s-taprop.o)
                              /usr/local/openravenscar/lib/gcc-lib/sparc-ork-elf/2.8.1/adalib/libgnarl.a(a-retide.o) (system__task_primitives__operations__self)
/usr/local/openravenscar/lib/gcc-lib/sparc-ork-elf/2.8.1/adalib/libgnarl.a(s-tarest.o)
                              ./button_interrupt.o (system__tasking__restricted__stages__create_restricted_task)
/usr/local/openravenscar/lib/gcc-lib/sparc-ork-elf/2.8.1/adalib/libgnarl.a(s-tasdeb.o)
                              b~main.o (system__tasking__debug___elabs)
/usr/local/openravenscar/lib/gcc-lib/sparc-ork-elf/2.8.1/adalib/libgnarl.a(s-taskin.o)
                              /usr/local/openravenscar/lib/gcc-lib/sparc-ork-elf/2.8.1/adalib/libgnarl.a(s-tasdeb.o) (system__tasking__task_statesT)
/usr/local/openravenscar/lib/gcc-lib/sparc-ork-elf/2.8.1/adalib/libgnarl.a(s-taspri.o)
                              /usr/local/openravenscar/lib/gcc-lib/sparc-ork-elf/2.8.1/adalib/libgnarl.a(s-taskin.o) (system__task_primitives___init_proc)
/usr/local/openravenscar/lib/gcc-lib/sparc-ork-elf/2.8.1/adalib/libgnarl.a(s-tposen.o)
                              /usr/local/openravenscar/lib/gcc-lib/sparc-ork-elf/2.8.1/adalib/libgnarl.a(s-interr.o) (system__tasking__protected_objects__single_entry__protection_entryP)
/usr/local/openravenscar/lib/gcc-lib/sparc-ork-elf/2.8.1/adalib/libgnarl.a(kernel-interrupts.o)
                              /usr/local/openravenscar/lib/gcc-lib/sparc-ork-elf/2.8.1/adalib/libgnarl.a(s-osinte.o) (kernel_attach_interrupt_handler)
/usr/local/openravenscar/lib/gcc-lib/sparc-ork-elf/2.8.1/adalib/libgnarl.a(kernel-threads.o)
                              b~main.o (kernel__threads___elabs)
/usr/local/openravenscar/lib/gcc-lib/sparc-ork-elf/2.8.1/adalib/libgnarl.a(kernel-threads-atcb.o)
                              /usr/local/openravenscar/lib/gcc-lib/sparc-ork-elf/2.8.1/adalib/libgnarl.a(s-taprop.o) (kernel__threads__atcb__set_atcb)
/usr/local/openravenscar/lib/gcc-lib/sparc-ork-elf/2.8.1/adalib/libgnarl.a(kernel-threads-queues.o)
                              /usr/local/openravenscar/lib/gcc-lib/sparc-ork-elf/2.8.1/adalib/libgnarl.a(s-taprop.o) (running_thread)
/usr/local/openravenscar/lib/gcc-lib/sparc-ork-elf/2.8.1/adalib/libgnarl.a(kernel-threads-protection.o)
                              /usr/local/openravenscar/lib/gcc-lib/sparc-ork-elf/2.8.1/adalib/libgnarl.a(kernel-threads.o) (kernel__threads__protection__dispatch)
/usr/local/openravenscar/lib/gcc-lib/sparc-ork-elf/2.8.1/adalib/libgnarl.a(kernel-time.o)
                              /usr/local/openravenscar/lib/gcc-lib/sparc-ork-elf/2.8.1/adalib/libgnarl.a(s-taprop.o) (kernel_clock)
/usr/local/openravenscar/lib/gcc-lib/sparc-ork-elf/2.8.1/adalib/libgnarl.a(kernel-memory.o)
                              /usr/local/openravenscar/sparc-ork-elf/lib/ada_crt0.o (environment_stack)
/usr/local/openravenscar/lib/gcc-lib/sparc-ork-elf/2.8.1/adalib/libgnarl.a(kernel-cpu_primitives.o)
                              /usr/local/openravenscar/lib/gcc-lib/sparc-ork-elf/2.8.1/adalib/libgnarl.a(kernel-threads-protection.o) (kernel__cpu_primitives__context_switch)
/usr/local/openravenscar/lib/gcc-lib/sparc-ork-elf/2.8.1/adalib/libgnarl.a(kernel-peripherals-registers.o)
                              ./force_external_interrupt_2.o (kernel__peripherals__registers__test_control)
/usr/local/openravenscar/lib/gcc-lib/sparc-ork-elf/2.8.1/adalib/libgnarl.a(kernel-peripherals.o)
                              /usr/local/openravenscar/lib/gcc-lib/sparc-ork-elf/2.8.1/adalib/libgnarl.a(kernel-interrupts.o) (kernel__peripherals__to_vector)
/usr/local/openravenscar/lib/gcc-lib/sparc-ork-elf/2.8.1/adalib/libgnarl.a(kernel-serial_output.o)
                              ./devicesfss_v1.o (kernel__serial_output__put__2)
/usr/local/openravenscar/lib/gcc-lib/sparc-ork-elf/2.8.1/adalib/libgnarl.a(context.o)
[...]
Memory Configuration

Name             Origin             Length             Attributes
rom              0x00000000         0x00200000         xr
ram              0x02000000         0x003f8000         xrw
*default*        0x00000000         0xffffffff

Linker script and memory map

                0x00200000                PROM_SIZE=0x200000
                0x00400000                RAM_SIZE=0x400000
                0x00000000                PROM_START=0x0
                0x00200000                PROM_END=(PROM_START+PROM_SIZE)
                0x02000000                RAM_START=0x2000000
                0x02400000                RAM_END=(RAM_START+RAM_SIZE)

.text           0x02000000    0x350b0
 CREATE_OBJECT_SYMBOLS
                0x02000000                text_start=.
 *(.text)
 .text          0x02000000     0x1384 /usr/local/openravenscar/sparc-ork-elf/lib/ada_crt0.o
                0x020011bc                __exit
                0x02000000                trap_table
                0x02000000                start
                0x020011bc                _exit
 .text          0x02001384      0x274 b~main.o
                0x020015e0                ada_main___elabb
                0x02001384                adainit
                0x02001560                main
                0x02001544                adafinal
 .text          0x020015f8       0x1c ./main.o
                0x020015f8                _ada_main
 .text          0x02001614       0x98 ./force_external_interrupt_2.o
                0x02001614                _ada_force_external_interrupt_2
 .text          0x020016ac      0x118 ./scenario_v1.o
                0x020016ac                scenario_v1___elabs
 .text          0x020017c4     0x4aa8 ./devicesfss_v1.o
                0x02003488                devicesfss_v1___init_proc__6
                0x0200486c                devicesfss_v1___init_proc__9
                0x02001df8                devicesfss_v1__read_light_intensity
                0x020056ac                devicesfss_v1__display_altitude
                0x020034dc                devicesfss_v1__read_pilotbutton
                0x02005e44                devicesfss_v1__display_cronometro
                0x02002914                devicesfss_v1___init_proc__4
                0x02005a80                devicesfss_v1__display_joystick
                0x0200529c                devicesfss_v1__light_1
                0x0200410c                devicesfss_v1__read_altitude
                0x020057c4                devicesfss_v1__display_distance
                0x020048ac                devicesfss_v1__read_pitch
                0x0200236c                devicesfss_v1___init_proc__3
                0x020040c4                devicesfss_v1___init_proc__8
                0x02005d34                devicesfss_v1__display_message
                0x02001824                devicesfss_v1__read_distance
                0x02005968                devicesfss_v1__display_light_intensity
                0x020059f4                devicesfss_v1__display_pilot_power
                0x02002974                devicesfss_v1__read_power
                0x02003a68                devicesfss_v1__read_speed
                0x020058dc                devicesfss_v1__display_roll
                0x02005c4c                devicesfss_v1__display_pilot_button
                0x02004ea4                devicesfss_v1__read_roll
                0x020061b4                devicesfss_v1___elabb
                0x02003a28                devicesfss_v1___init_proc__7
                0x02001d98                devicesfss_v1___init_proc__2
                0x0200534c                devicesfss_v1__light_2
                0x02002f3c                devicesfss_v1__read_pilotpresence
                0x020048d4                devicesfss_v1__set_aircraft_pitch
                0x02005738                devicesfss_v1__display_speed
                0x02004ecc                devicesfss_v1__set_aircraft_roll
                0x020023cc                devicesfss_v1__read_joystick
                0x0200542c                devicesfss_v1__alarm
                0x02005b64                devicesfss_v1__display_pilot_presence
                0x02003a90                devicesfss_v1__set_speed
                0x02005850                devicesfss_v1__display_pitch
                0x02002ee8                devicesfss_v1___init_proc__5
                0x02004e64                devicesfss_v1___init_proc__10
                0x020017c4                devicesfss_v1___init_proc
 .text          0x0200626c      0x57c ./button_interrupt.o
                0x0200626c                button_interrupt___init_proc
                0x020062e8                button_interrupt___elabs
                0x0200653c                button_interrupt__interruptTKB
                0x020067b4                button_interrupt___elabb
 .text          0x020067e8      0x9a8 ./workload.o
                0x020067e8                workload___elabs
                0x02006be8                workload__small_whetstone
                0x02007178                workload___elabb
 .text          0x02007190      0xd08 ./tools.o
                0x02007e68                tools___elabb
                0x02007df4                tools__execution_time
                0x02007d4c                tools__finish_activity
                0x02007bfc                tools__print_a_string
                0x0200747c                tools__print_chrono
                0x02007ca4                tools__start_activity
                0x02007190                tools___elabs
                0x020078a4                tools__print_an_integer
                0x02007a5c                tools__print_a_float
                0x020071dc                tools__current_time
 .text          0x02007e98     0x3838 ./fss.o
                0x02008d94                fss___init_proc__6
                0x02007ed4                fss___init_proc
                0x02008e10                fss___init_proc__7
                0x02008d18                fss___init_proc__5
                0x02007e98                fss__background
                0x02008c20                fss___init_proc__3
                0x0200b258                fss___elabb
                0x02008b88                fss___init_proc__2
                0x02008c9c                fss___init_proc__4
 .text          0x0200b6d0      0x5e4 /usr/local/openravenscar/lib/gcc-lib/sparc-ork-elf/2.8.1/adalib/libgnarl.a(a-reatim.o)
                0x0200b6fc                ada__real_time__Oadd__2
                0x0200b8d0                ada__real_time__split
                0x0200b6ec                ada__real_time__Oadd
                0x0200b74c                ada__real_time__Osubtract__4
                0x0200b850                ada__real_time__nanoseconds
                0x0200b7bc                ada__real_time__Odivide__2
                0x0200b778                ada__real_time__Odivide
                0x0200b72c                ada__real_time__Osubtract__2
                0x0200b840                ada__real_time__to_duration
                0x0200bbe8                ada__real_time__time_of
                0x0200b70c                ada__real_time__Oadd__3
                0x0200b8a0                ada__real_time__milliseconds
                0x0200b6d0                ada__real_time__clock
                0x0200b874                ada__real_time__microseconds
                0x0200b71c                ada__real_time__Osubtract
                0x0200b73c                ada__real_time__Osubtract__3
                0x0200b848                ada__real_time__to_time_span
                0x0200b814                ada__real_time__Omultiply__2
                0x0200b7e8                ada__real_time__Omultiply
 .text          0x0200bcb4       0x68 /usr/local/openravenscar/lib/gcc-lib/sparc-ork-elf/2.8.1/adalib/libgnarl.a(a-retide.o)
                0x0200bcf8                ada__real_time__delays__to_duration
                0x0200bcb4                ada__real_time__delays__delay_until
 .text          0x0200bd1c      0xcc4 /usr/local/openravenscar/lib/gcc-lib/sparc-ork-elf/2.8.1/adalib/libgnarl.a(s-interr.o)
                0x0200bfd8                system__interrupts__is_reserved
                0x0200bd40                system__interrupts___elabs
                0x0200c770                system__interrupts__install_handlers
                0x0200be2c                system__interrupts__ada_interrupt_wrapper
                0x0200c050                system__interrupts__current_handler__3
                0x0200c8ec                system__interrupts___init_proc__4
                0x0200c8f8                system__interrupts___init_proc__5
                0x0200c898                system__interrupts___init_proc__2
                0x0200c708                system__interrupts__reference
                0x0200bf10                system__interrupts__register_interrupt_handler
                0x0200c9c8                system__interrupts___init_proc__7
                0x0200c890                system__interrupts___init_proc
                0x0200c52c                system__interrupts__detach_handler__3
                0x0200c2d4                system__interrupts__exchange_handler
                0x0200c0cc                system__interrupts__attach_handler__3
                0x0200bfec                system__interrupts__is_handler_attached
                0x0200bf64                system__interrupts__is_registered
                0x0200c9d4                system__interrupts___init_proc__8
                0x0200c738                system__interrupts__finalize
                0x0200c828                system__interrupts___elabb
                0x0200bd1c                system__interrupts___size
                0x0200c8a4                system__interrupts___init_proc__3
                0x0200c768                system__interrupts__has_interrupt_or_attach_handler
                0x0200c948                system__interrupts___init_proc__6
 .text          0x0200c9e0       0x54 /usr/local/openravenscar/lib/gcc-lib/sparc-ork-elf/2.8.1/adalib/libgnarl.a(s-osinte.o)
                0x0200ca0c                system__os_interface__detach_handler
                0x0200c9e0                system__os_interface__priority_of_interrupt
                0x0200c9f4                system__os_interface__attach_handler
                0x0200ca20                system__os_interface__current_handler
 .text          0x0200ca34      0x10c /usr/local/openravenscar/lib/gcc-lib/sparc-ork-elf/2.8.1/adalib/libgnarl.a(s-taprob.o)
                0x0200cb20                system__tasking__protected_objects___init_proc
                0x0200caf0                system__tasking__protected_objects__unlock
                0x0200ca60                system__tasking__protected_objects__lock
                0x0200cb2c                system__tasking__protected_objects___init_proc__2
                0x0200ca34                system__tasking__protected_objects__initialize_protection
                0x0200caa8                system__tasking__protected_objects__lock_read_only
                0x0200cb08                system__tasking__protected_objects__finalize_protection
 .text          0x0200cb40      0x978 /usr/local/openravenscar/lib/gcc-lib/sparc-ork-elf/2.8.1/adalib/libgnarl.a(s-taprop.o)
                0x0200cdc0                system__task_primitives__operations__get_priority
                0x0200cc38                system__task_primitives__operations__unlock__2
                0x0200cf98                system__task_primitives__operations__check_no_locks
                0x0200cbbc                system__task_primitives__operations__write_lock
                0x0200cff8                system__task_primitives__operations__resume_task
                0x0200d078                system__task_primitives__operations___elabb
                0x0200cd04                system__task_primitives__operations__clock
                0x0200cbd8                system__task_primitives__operations__write_lock__2
                0x0200cb78                system__task_primitives__operations__get_thread_id
                0x0200cc8c                system__task_primitives__operations__timed_delay
                0x0200cda0                system__task_primitives__operations__set_priority
                0x0200cc68                system__task_primitives__operations__timed_sleep
                0x0200cb5c                system__task_primitives__operations__self
                0x0200cc50                system__task_primitives__operations__sleep
                0x0200cf7c                system__task_primitives__operations__set_exit_task_procedure
                0x0200cc24                system__task_primitives__operations__unlock
                0x0200cfb0                system__task_primitives__operations__environment_task
                0x0200cb84                system__task_primitives__operations__initialize_lock
                0x0200d2ac                system__task_primitives__operations___init_proc
                0x0200cf60                system__task_primitives__operations__exit_task
                0x0200cd28                system__task_primitives__operations__wakeup
                0x0200cb40                system__task_primitives__operations__set
                0x0200cf88                system__task_primitives__operations__abort_task
                0x0200cfbc                system__task_primitives__operations__lock_all_tasks_list
                0x0200cbf0                system__task_primitives__operations__write_lock__3
                0x0200cf50                system__task_primitives__operations__finalize_tcb
                0x0200ce3c                system__task_primitives__operations__new_atcb
                0x0200cff0                system__task_primitives__operations__suspend_task
                0x0200cd3c                system__task_primitives__operations__yield
                0x0200cfd8                system__task_primitives__operations__unlock_all_tasks_list
                0x0200d000                system__task_primitives__operations__initialize
                0x0200cf90                system__task_primitives__operations__check_exit
                0x0200ceb4                system__task_primitives__operations__initialize_tcb
                0x0200cb70                system__task_primitives__operations__stack_guard
                0x0200cbb4                system__task_primitives__operations__finalize_lock
                0x0200cf58                system__task_primitives__operations__default_exit_task_procedure
                0x0200cef0                system__task_primitives__operations__create_task
                0x0200cb9c                system__task_primitives__operations__initialize_lock__2
                0x0200cc08                system__task_primitives__operations__read_lock
                0x0200cdd8                system__task_primitives__operations__enter_task
 .text          0x0200d4b8      0x924 /usr/local/openravenscar/lib/gcc-lib/sparc-ork-elf/2.8.1/adalib/libgnarl.a(s-tarest.o)
                0x0200d72c                system__tasking__restricted__stages__create_restricted_task
                0x0200dc2c                system__tasking__restricted__stages__restricted_terminated
                0x0200d93c                system__tasking__restricted__stages__activate_restricted_tasks
                0x0200dafc                system__tasking__restricted__stages__complete_restricted_activation
                0x0200dc40                system__tasking__restricted__stages__finalize_global_tasks
                0x0200dc94                system__tasking__restricted__stages___elabb
                0x0200dbcc                system__tasking__restricted__stages__complete_restricted_task
 .text          0x0200dddc      0xf44 /usr/local/openravenscar/lib/gcc-lib/sparc-ork-elf/2.8.1/adalib/libgnarl.a(s-tasdeb.o)
                0x0200ea54                system__tasking__debug__image
                0x0200ecf8                system__tasking__debug___init_proc__2
                0x0200e730                system__tasking__debug__print_current_task
                0x0200e9a4                system__tasking__debug__trace__2
                0x0200dddc                system__tasking__debug___elabs
                0x0200e74c                system__tasking__debug__list_tasks
                0x0200ebfc                system__tasking__debug__resume_all_tasks
                0x0200de54                system__tasking__debug__set_user_state
                0x0200e57c                system__tasking__debug__print_task_info_header
                0x0200ecb8                system__tasking__debug___init_proc
                0x0200de40                system__tasking__debug__self
                0x0200ec34                system__tasking__debug___elabb
                0x0200e78c                system__tasking__debug__print_accept_info
                0x0200ea40                system__tasking__debug__set_trace
                0x0200e850                system__tasking__debug__trace
                0x0200e9d8                system__tasking__debug__trace__3
                0x0200ea0c                system__tasking__debug__trace__4
                0x0200e13c                system__tasking__debug__print_task_info
                0x0200de38                system__tasking__debug__task_termination_hook
                0x0200de30                system__tasking__debug__task_creation_hook
                0x0200ebc4                system__tasking__debug__suspend_all_tasks
 .text          0x0200ed20      0x75c /usr/local/openravenscar/lib/gcc-lib/sparc-ork-elf/2.8.1/adalib/libgnarl.a(s-taskin.o)
                0x0200f134                system__tasking___init_proc__3
                0x0200f3dc                system__tasking___init_proc__8
                0x0200f39c                system__tasking___init_proc__7
                0x0200ed20                system__tasking__self
                0x0200f0fc                system__tasking___init_proc__2
                0x0200ee5c                system__tasking___elabb
                0x0200f1b0                system__tasking___init_proc__4
                0x0200f3e8                system__tasking___init_proc__9
                0x0200f0a8                system__tasking___init_proc
                0x0200f204                system__tasking___init_proc__6
                0x0200ed34                system__tasking__initialize_atcb
                0x0200f1bc                system__tasking___init_proc__5
 .text          0x0200f47c       0x14 /usr/local/openravenscar/lib/gcc-lib/sparc-ork-elf/2.8.1/adalib/libgnarl.a(s-taspri.o)
                0x0200f47c                system__task_primitives___init_proc
 .text          0x0200f490      0x8cc /usr/local/openravenscar/lib/gcc-lib/sparc-ork-elf/2.8.1/adalib/libgnarl.a(s-tposen.o)
                0x0200f6d0                system__tasking__protected_objects__single_entry__check_exception
                0x0200f4b0                system__tasking__protected_objects__single_entry___elabs
                0x0200f490                system__tasking__protected_objects__single_entry___size
                0x0200f7d8                system__tasking__protected_objects__single_entry__po_do_or_queue
                0x0200fc04                system__tasking__protected_objects__single_entry__timed_protected_single_entry_call
                0x0200f4a8                system__tasking__protected_objects__single_entry___deep_finalize
                0x0200f638                system__tasking__protected_objects__single_entry__wait_for_completion
                0x0200f6f4                system__tasking__protected_objects__single_entry__initialize_protection_entry
                0x0200f778                system__tasking__protected_objects__single_entry__lock_read_only_entry
                0x0200fd00                system__tasking__protected_objects__single_entry__protected_count_entry
                0x0200fcec                system__tasking__protected_objects__single_entry__complete_single_entry_body
                0x0200f968                system__tasking__protected_objects__single_entry__service_entry
                0x0200fd18                system__tasking__protected_objects__single_entry__protected_single_entry_caller
                0x0200f730                system__tasking__protected_objects__single_entry__lock_entry
                0x0200f7c0                system__tasking__protected_objects__single_entry__unlock_entry
                0x0200faf4                system__tasking__protected_objects__single_entry__protected_single_entry_call
                0x0200f5e0                system__tasking__protected_objects__single_entry__send_program_error
                0x0200f61c                system__tasking__protected_objects__single_entry__wakeup_entry_caller
                0x0200f984                system__tasking__protected_objects__single_entry__po_service_entry
                0x0200fcf4                system__tasking__protected_objects__single_entry__exceptional_complete_single_entry_body
                0x0200f660                system__tasking__protected_objects__single_entry__wait_for_completion_with_timeout
                0x0200fd2c                system__tasking__protected_objects__single_entry___init_proc
 .text          0x0200fd5c      0x1f0 /usr/local/openravenscar/lib/gcc-lib/sparc-ork-elf/2.8.1/adalib/libgnarl.a(kernel-interrupts.o)
                0x0200fe24                kernel_detach_interrupt_handler
                0x0200fe6c                kernel__interrupts___elabb
                0x0200fd5c                kernel__interrupts__null_handler
                0x0200fd64                kernel__interrupts__wrapper
                0x0200fe4c                kernel_current_interrupt_handler
                0x0200fdc4                kernel_attach_interrupt_handler
                0x0200fef0                kernel__interrupts___init_proc__2
                0x0200fed8                kernel__interrupts___init_proc
 .text          0x0200ff4c      0x5dc /usr/local/openravenscar/lib/gcc-lib/sparc-ork-elf/2.8.1/adalib/libgnarl.a(kernel-threads.o)
                0x0200ff4c                kernel__threads___elabs
                0x020104ec                kernel__threads___init_proc__3
                0x020101bc                kernel_yield
                0x020102bc                kernel_check_no_mutexes
                0x020102cc                kernel_condition_init
                0x0201011c                kernel__threads__set_active_priority
                0x020100d0                kernel_set_priority
                0x02010390                kernel_condition_signal
                0x020103f0                kernel_thread_create
                0x0200ffd8                kernel__threads__default_dummy_task_function
                0x020104b8                kernel_thread_self
                0x0200ff88                kernel__threads__thread_caller
                0x020102d4                kernel_condition_wait
                0x0200ffe8                kernel_initialize
                0x0201025c                kernel_mutex_unlock
                0x02010204                kernel_mutex_lock
                0x020101f8                kernel_mutex_init
                0x020104c8                kernel__threads___elabb
                0x020104d8                kernel__threads___init_proc
                0x020104e4                kernel__threads___init_proc__2
                0x020101a0                kernel_get_priority
 .text          0x02010528       0x28 /usr/local/openravenscar/lib/gcc-lib/sparc-ork-elf/2.8.1/adalib/libgnarl.a(kernel-threads-atcb.o)
                0x02010540                kernel__threads__atcb___elabb
                0x02010530                kernel__threads__atcb__thread_self_atcb
                0x02010528                kernel__threads__atcb__set_atcb
 .text          0x02010550      0x478 /usr/local/openravenscar/lib/gcc-lib/sparc-ork-elf/2.8.1/adalib/libgnarl.a(kernel-threads-queues.o)
                0x02010768                kernel__threads__queues__insert_alarm
                0x0201060c                kernel__threads__queues__insert_at_tail
                0x02010568                kernel__threads__queues__insert_at_head
                0x02010834                kernel__threads__queues__extract_first_alarm
                0x0201071c                kernel__threads__queues__get_new_thread_descriptor
                0x02010938                kernel__threads__queues___init_proc
                0x020106b0                kernel__threads__queues__extract_from_ready
                0x02010860                kernel__threads__queues__get_next_alarm_time
                0x02010894                kernel__threads__queues___elabb
                0x020106f8                kernel__threads__queues__next_running
                0x0201055c                kernel__threads__queues__environment_thread_id
                0x02010550                kernel__threads__queues__dummy_thread_id
 .text          0x020109c8      0x108 /usr/local/openravenscar/lib/gcc-lib/sparc-ork-elf/2.8.1/adalib/libgnarl.a(kernel-threads-protection.o)
                0x020109ec                kernel__threads__protection__leave_kernel
                0x020109c8                kernel__threads__protection__dispatch
                0x02010ac0                kernel__threads__protection___elabb
                0x020109d8                kernel__threads__protection__enter_kernel
 .text          0x02010ad0      0x3c4 /usr/local/openravenscar/lib/gcc-lib/sparc-ork-elf/2.8.1/adalib/libgnarl.a(kernel-time.o)
                0x02010b88                kernel_delay_until
                0x02010ad0                kernel_clock
                0x02010e54                kernel__time___elabb
 .text          0x02010e94       0x9c /usr/local/openravenscar/lib/gcc-lib/sparc-ork-elf/2.8.1/adalib/libgnarl.a(kernel-memory.o)
                0x02010ef0                kernel__memory___elabb
                0x02010e9c                kernel_new_stack
                0x02010e94                kernel_new_memory_region
 .text          0x02010f30       0x88 /usr/local/openravenscar/lib/gcc-lib/sparc-ork-elf/2.8.1/adalib/libgnarl.a(kernel-cpu_primitives.o)
                0x02010f30                kernel__cpu_primitives__context_switch
                0x02010f3c                kernel__cpu_primitives__initialize_context
                0x02010fa8                kernel__cpu_primitives___elabb
 .text          0x02010fb8       0x44 /usr/local/openravenscar/lib/gcc-lib/sparc-ork-elf/2.8.1/adalib/libgnarl.a(kernel-peripherals-registers.o)
                0x02010fb8                kernel__peripherals__registers___elabs
 .text          0x02010ffc      0x6ac /usr/local/openravenscar/lib/gcc-lib/sparc-ork-elf/2.8.1/adalib/libgnarl.a(kernel-peripherals.o)
                0x0201100c                kernel__peripherals__stop_watch_dog
                0x02010ffc                kernel__peripherals__to_vector
                0x02011028                kernel__peripherals__init_clock
                0x020115f4                kernel__peripherals___elabb
                0x0201110c                kernel__peripherals__cancel_and_set_alarm
                0x020110e8                kernel__peripherals__init_board
                0x02011120                kernel__peripherals__set_alarm
                0x02011294                kernel__peripherals__read_clock
                0x02011304                kernel__peripherals__clear_alarm_interrupt
                0x02011534                kernel__peripherals__uart_send
                0x0201130c                kernel__peripherals__clear_clock_interrupt
                0x02011448                kernel__peripherals__init_uart
                0x02011020                kernel__peripherals__memory_configuration
                0x02011314                kernel__peripherals__protect_segment
                0x02011004                kernel__peripherals__priority_of_interrupt
 .text          0x020116a8       0xe4 /usr/local/openravenscar/lib/gcc-lib/sparc-ork-elf/2.8.1/adalib/libgnarl.a(kernel-serial_output.o)
                0x02011700                kernel_new_line
                0x02011714                kernel_put_line_c
                0x020116c0                kernel__serial_output__put__2
                0x020116a8                kernel_put_c
                0x02011730                kernel__serial_output__put_line__2
                0x02011760                kernel__serial_output___elabb
 .text          0x0201178c      0x2dc /usr/local/openravenscar/lib/gcc-lib/sparc-ork-elf/2.8.1/adalib/libgnarl.a(context.o)
                0x02011a60                exit_from_context_switch
                0x0201178c                context_switch
                0x02011798                context_trap
 .text          0x02011a68      0x60c /usr/local/openravenscar/lib/gcc-lib/sparc-ork-elf/2.8.1/adalib/libgnarl.a(install_handler.o)
                0x02011b20                set_next_running
                0x02011a68                enable_traps
                0x02011acc                install_trap_handler
                0x02011a7c                install_int_handler
 .text          0x02012074       0x34 /usr/local/openravenscar/lib/gcc-lib/sparc-ork-elf/2.8.1/adalib/libgnarl.a(int_level.o)
                0x02012074                disable_interrupts
                0x0201208c                enable_interrupts
 .text          0x020120a8     0x25c0 /usr/local/openravenscar/lib/gcc-lib/sparc-ork-elf/2.8.1/adalib/libgnat.a(a-except.o)
                0x02013910                ada__exceptions__sdp_table_sort_move
                0x02013a70                ada__exceptions__string_to_eid
                0x0201312c                __gnat_raise_nodefer_with_msg
                0x020122d8                ada__exceptions__current_target_exception
                0x020132a4                ada__exceptions__raise_from_signal_handler
                0x02012128                ada__exceptions__address_image
                0x02013528                ada__exceptions__save_occurrence
                0x0201410c                __gnat_notify_exception
                0x02012dec                ada__exceptions__propagate_exception
                0x02012c60                ada__exceptions__exception_name_simple
                0x0201347c                __gnat_reraise
                0x0201320c                __gnat_raise_exception
                0x020120a8                ada__exceptions___elabs
                0x02012230                __gnat_break_start
                0x0201221c                ada__exceptions__allocate_machine_state
                0x020122fc                ada__exceptions__deallocate_machine_state
                0x020125b0                ada__exceptions__exception_information
                0x020133dc                __gnat_raise_storage_error
                0x0201236c                ada__exceptions__eo_to_string
                0x02013874                ada__exceptions__sdp_table_sort_lt
                0x02014580                ada__exceptions__raise_exception_no_defer
                0x02012b6c                ada__exceptions__exception_name__2
                0x02014628                ada__exceptions__zzz
                0x02012118                ada__exceptions__poll
                0x020133fc                ada__exceptions__raise_with_c_msg
                0x020141a0                ada__exceptions__unhandled_exception_terminate
                0x02012310                ada__exceptions__eid_to_string
                0x020135bc                ada__exceptions__save_occurrence__2
                0x02013368                ada__exceptions__raise_with_location
                0x02013340                ada__exceptions__raise_no_msg
                0x02012aa8                ada__exceptions__exception_message
                0x02013940                ada__exceptions__set_exception_c_msg
                0x02013b98                ada__exceptions__string_to_eo
                0x0201339c                __gnat_raise_constraint_error
                0x020134b4                ada__exceptions__reraise_occurrence
                0x02014630                ada__exceptions___elabb
                0x02014658                ada__exceptions___init_proc
                0x02012c30                ada__exceptions__exception_name
                0x02012120                ada__exceptions__aaa
                0x020134fc                ada__exceptions__reraise_occurrence_no_defer
                0x020123cc                ada__exceptions__exception_identity
                0x020135e8                __gnat_SDP_Table_Build
                0x02014104                __gnat_unhandled_exception
                0x02012238                ada__exceptions__call_chain
                0x02013430                __gnat_raise_with_msg
                0x020133bc                __gnat_raise_program_error
 .text          0x02014668      0x2ec /usr/local/openravenscar/lib/gcc-lib/sparc-ork-elf/2.8.1/adalib/libgnat.a(a-filico.o)
                0x020146b4                ada__finalization__list_controller___deep_finalize__2
                0x02014920                ada__finalization__list_controller___init_proc__2
                0x020148e4                ada__finalization__list_controller__finalize
                0x020146a4                ada__finalization__list_controller___size__2
                0x020148fc                ada__finalization__list_controller___init_proc
                0x020148b0                ada__finalization__list_controller__finalize__2
                0x020146e0                ada__finalization__list_controller___elabs
                0x02014668                ada__finalization__list_controller___size
                0x02014898                ada__finalization__list_controller__initialize__2
                0x02014678                ada__finalization__list_controller___deep_finalize
 .text          0x02014954      0x560 /usr/local/openravenscar/lib/gcc-lib/sparc-ork-elf/2.8.1/adalib/libgnat.a(a-finali.o)
                0x02014bb4                ada__finalization___size__4
                0x02014e34                ada__finalization__initialize
                0x02014e4c                ada__finalization__Oeq__2
                0x02014e74                ada__finalization___init_proc
                0x0201497c                ada__finalization___write__3
                0x02014e6c                ada__finalization__finalize__2
                0x02014954                ada__finalization___size__3
                0x02014964                ada__finalization___read__3
                0x02014e3c                ada__finalization__adjust
                0x02014e94                ada__finalization___init_proc__2
                0x02014bf0                ada__finalization___elabs
                0x02014e44                ada__finalization__finalize
                0x02014b60                ada__finalization___deep_adjust
                0x02014e64                ada__finalization__initialize__2
                0x02014994                ada__finalization___assign__3
                0x02014b88                ada__finalization___deep_finalize
                0x02014bc4                ada__finalization___deep_finalize__2
 .text          0x02014eb4       0x6c /usr/local/openravenscar/lib/gcc-lib/sparc-ork-elf/2.8.1/adalib/libgnat.a(a-ioexce.o)
                0x02014eb4                ada__io_exceptions___elabs
 .text          0x02014f20     0x1e98 /usr/local/openravenscar/lib/gcc-lib/sparc-ork-elf/2.8.1/adalib/libgnat.a(a-nuelfu.o)
                0x020169dc                ada__numerics__elementary_functions__sinh
                0x02015864                ada__numerics__elementary_functions__arcsin
                0x0201564c                ada__numerics__elementary_functions__arccosh
                0x02015a90                ada__numerics__elementary_functions__arcsinh
                0x02014f20                ada__numerics__elementary_functions__Oexpon
                0x02015760                ada__numerics__elementary_functions__arccoth
                0x02015744                ada__numerics__elementary_functions__arccot__2
                0x02015938                ada__numerics__elementary_functions__arcsin__2
                0x02015cc0                ada__numerics__elementary_functions__arctan__2
                0x020154e0                ada__numerics__elementary_functions__arccos__2
                0x02015fc0                ada__numerics__elementary_functions__cos
                0x02016ae8                ada__numerics__elementary_functions__sqrt
                0x02016bf4                ada__numerics__elementary_functions__tan__2
                0x020168e0                ada__numerics__elementary_functions__sin__2
                0x02016770                ada__numerics__elementary_functions__log__2
                0x020161c4                ada__numerics__elementary_functions__cot__2
                0x02016d24                ada__numerics__elementary_functions__tanh
                0x0201632c                ada__numerics__elementary_functions__coth
                0x020166b4                ada__numerics__elementary_functions__log
                0x02016070                ada__numerics__elementary_functions__cosh
                0x0201572c                ada__numerics__elementary_functions__arccot
                0x02015bb0                ada__numerics__elementary_functions__arctan
                0x02016898                ada__numerics__elementary_functions__sin
                0x020153e0                ada__numerics__elementary_functions__arccos
                0x0201602c                ada__numerics__elementary_functions__cos__2
                0x02016b6c                ada__numerics__elementary_functions__tan
                0x02016420                ada__numerics__elementary_functions__exp
                0x0201611c                ada__numerics__elementary_functions__cot
                0x02015e34                ada__numerics__elementary_functions__arctanh
 .text          0x02016db8       0x18 /usr/local/openravenscar/lib/gcc-lib/sparc-ork-elf/2.8.1/adalib/libgnat.a(a-numeri.o)
                0x02016db8                ada__numerics___elabs
 .text          0x02016dd0       0xc0 /usr/local/openravenscar/lib/gcc-lib/sparc-ork-elf/2.8.1/adalib/libgnat.a(a-stream.o)
                0x02016de8                ada__streams___elabs
                0x02016de0                ada__streams___deep_finalize
                0x02016dd0                ada__streams___size
                0x02016e80                ada__streams___init_proc
 .text          0x02016e90      0x934 /usr/local/openravenscar/lib/gcc-lib/sparc-ork-elf/2.8.1/adalib/libgnat.a(a-tags.o)
                0x020174f8                ada__tags__length
                0x02017764                ada__tags___init_proc
                0x02017004                ada__tags__external_tag_htable__removeXn
                0x0201761c                ada__tags__get_rc_offset
                0x02017738                ada__tags__set_remotely_callable
                0x02017700                ada__tags__set_prim_op_address
                0x020176e0                ada__tags__register_tag
                0x02017680                ada__tags__inherit_tsd
                0x02016e90                ada__tags___elabs
                0x020175f8                ada__tags__get_expanded_name
                0x02017714                ada__tags__set_expanded_name
                0x02017628                ada__tags__get_remotely_callable
                0x02017220                ada__tags__expanded_name
                0x02016ea8                ada__tags__external_tag_htable__getXn
                0x02017610                ada__tags__get_inheritance_depth
                0x02017640                ada__tags__get_tsd
                0x020170fc                ada__tags__external_tag_htable__setXn
                0x020175b8                ada__tags__cw_membership
                0x02017648                ada__tags__inherit_dt
                0x02016f50                ada__tags__external_tag_htable__get_nextXn
                0x02017328                ada__tags__get_external_tag
                0x0201734c                ada__tags__internal_tag
                0x0201776c                ada__tags___init_proc__2
                0x02017554                ada__tags___elabb
                0x0201770c                ada__tags__set_tsd
                0x02017720                ada__tags__set_external_tag
                0x02017170                ada__tags__get_ht_link
                0x0201752c                ada__tags__parent_size
                0x02017138                ada__tags__equal
                0x02016f1c                ada__tags__external_tag_htable__get_firstXn
                0x020176f4                ada__tags__set_inheritance_depth
                0x020172a4                ada__tags__external_tag
                0x02016f8c                ada__tags__external_tag_htable__get_non_nullXn
                0x02017604                ada__tags__get_prim_op_address
                0x0201772c                ada__tags__set_rc_offset
                0x020171dc                ada__tags__hash
                0x020170bc                ada__tags__external_tag_htable__resetXn
                0x02017214                ada__tags__set_ht_link
                0x02017778                ada__tags__external_tag_htable___init_procXn
 .text          0x020177c4      0x25c /usr/local/openravenscar/lib/gcc-lib/sparc-ork-elf/2.8.1/adalib/libgnat.a(g-except.o)
                0x02017910                gnat__exceptions___deep_finalize
                0x020177dc                gnat__exceptions___write
                0x02017818                gnat__exceptions___output
                0x02017838                gnat__exceptions___assign
                0x020177e4                gnat__exceptions___input
                0x02017918                gnat__exceptions___elabs
                0x020177d4                gnat__exceptions___read
                0x020177c4                gnat__exceptions___size
                0x02017a10                gnat__exceptions___init_proc
                0x02017830                gnat__exceptions__Oeq
                0x02017908                gnat__exceptions___deep_adjust
 .text          0x02017a20      0x174 /usr/local/openravenscar/lib/gcc-lib/sparc-ork-elf/2.8.1/adalib/libgnat.a(g-hesora.o)
                0x02017af0                gnat__heap_sort_a__sort
 .text          0x02017b94      0xc6c /usr/local/openravenscar/lib/gcc-lib/sparc-ork-elf/2.8.1/adalib/libgnat.a(i-c.o)
                0x020184a4                interfaces__c__to_c__4
                0x02017fe4                interfaces__c__to_ada__6
                0x02017bf8                interfaces__c__is_nul_terminated__2
                0x02017c48                interfaces__c__to_ada
                0x02017c50                interfaces__c__to_ada__2
                0x0201810c                interfaces__c__to_c
                0x02017bac                interfaces__c__is_nul_terminated
                0x02018658                interfaces__c__to_c__6
                0x02017d84                interfaces__c__to_ada__3
                0x02017b94                interfaces__c___elabs
                0x0201830c                interfaces__c__to_c__3
                0x02017ea4                interfaces__c__to_ada__5
                0x020184ac                interfaces__c__to_c__5
                0x02018114                interfaces__c__to_c__2
                0x02017e9c                interfaces__c__to_ada__4
 .text          0x02018800     0x13b4 /usr/local/openravenscar/lib/gcc-lib/sparc-ork-elf/2.8.1/adalib/libgnat.a(s-arit64.o)
                0x0201893c                system__arith_64__hi
                0x02018ee4                system__arith_64__scaled_divide
                0x02018eb4                system__arith_64__raise_error
                0x020188b4                system__arith_64__Odivide
                0x02018828                system__arith_64__Oadd__2
                0x02019ae0                system__arith_64__subtract_with_ovflo_check
                0x02018858                system__arith_64__Omultiply
                0x0201894c                system__arith_64__lo
                0x02018888                system__arith_64__Omultiply__2
                0x020189c0                system__arith_64__double_divide
                0x02018cb0                system__arith_64__multiply_with_ovflo_check
                0x02019b94                system__arith_64__to_pos_int
                0x02018800                system__arith_64__Oadd
                0x0201890c                system__arith_64__Oconcat
                0x02019b5c                system__arith_64__to_neg_int
                0x020188e0                system__arith_64__Orem
                0x02018954                system__arith_64__add_with_ovflo_check
                0x02018840                system__arith_64__Osubtract
 .text          0x02019bb4      0x16c /usr/local/openravenscar/lib/gcc-lib/sparc-ork-elf/2.8.1/adalib/libgnat.a(s-except.o)
                0x02019bd8                system__exceptions___init_proc
                0x02019bb4                system__exceptions___elabs
                0x02019c80                system__exceptions___init_proc__4
                0x02019c20                system__exceptions___init_proc__3
                0x02019cc0                system__exceptions___init_proc__5
                0x02019be0                system__exceptions___init_proc__2
 .text          0x02019d20      0x54c /usr/local/openravenscar/lib/gcc-lib/sparc-ork-elf/2.8.1/adalib/libgnat.a(s-exctab.o)
                0x0201a034                system__exception_table__get_key
                0x02019dc8                system__exception_table__exception_htable__get_nextXn
                0x02019ffc                system__exception_table__equal
                0x02019f74                system__exception_table__exception_htable__setXn
                0x0201a220                system__exception_table__exception_htable___init_procXn
                0x02019d20                system__exception_table__exception_htable__getXn
                0x02019fb8                system__exception_table__get_ht_link
                0x02019f34                system__exception_table__exception_htable__resetXn
                0x02019fb0                system__exception_table__set_ht_link
                0x0201a03c                system__exception_table__internal_exception
                0x02019e04                system__exception_table__exception_htable__get_non_nullXn
                0x02019fc0                system__exception_table__hash
                0x02019d94                system__exception_table__exception_htable__get_firstXn
                0x0201a170                system__exception_table___elabb
                0x0201a15c                system__exception_table__register_exception
                0x02019e7c                system__exception_table__exception_htable__removeXn
 .text          0x0201a26c      0x1c4 /usr/local/openravenscar/lib/gcc-lib/sparc-ork-elf/2.8.1/adalib/libgnat.a(s-exnflt.o)
                0x0201a26c                system__exn_flt__exn_float
 .text          0x0201a430      0xb2c /usr/local/openravenscar/lib/gcc-lib/sparc-ork-elf/2.8.1/adalib/libgnat.a(s-fatflt.o)
                0x0201ade4                system__fat_flt__fat_float__truncation
                0x0201a574                system__fat_flt__fat_float__decompose
                0x0201a908                system__fat_flt__fat_float__model
                0x0201a810                system__fat_flt__fat_float__floor
                0x0201a91c                system__fat_flt__fat_float__pred
                0x0201abe4                system__fat_flt__fat_float__scaling
                0x0201a898                system__fat_flt__fat_float__leading_part
                0x0201ae94                system__fat_flt__fat_float__unbiased_rounding
                0x0201a488                system__fat_flt__fat_float__ceiling
                0x0201a4e8                system__fat_flt__fat_float__compose
                0x0201a7e8                system__fat_flt__fat_float__exponent
                0x0201a870                system__fat_flt__fat_float__fraction
                0x0201a760                system__fat_flt__fat_float__gradual_scaling
                0x0201a9d4                system__fat_flt__fat_float__remainder
                0x0201ab5c                system__fat_flt__fat_float__rounding
                0x0201a430                system__fat_flt__fat_float__adjacent
                0x0201acfc                system__fat_flt__fat_float__succ
                0x0201af3c                system__fat_flt__fat_float__valid
                0x0201a518                system__fat_flt__fat_float__copy_sign
                0x0201a8f4                system__fat_flt__fat_float__machine
 .text          0x0201af5c     0x13dc /usr/local/openravenscar/lib/gcc-lib/sparc-ork-elf/2.8.1/adalib/libgnat.a(s-finimp.o)
                0x0201c17c                system__finalization_implementation__deep_tag_attach
                0x0201b188                system__finalization_implementation___read__2
                0x0201b7dc                system__finalization_implementation__detach_from_final_list
                0x0201b020                system__finalization_implementation___output
                0x0201bc38                system__finalization_implementation__finalize_list
                0x0201b254                system__finalization_implementation__Oeq__2
                0x0201c308                system__finalization_implementation___init_proc__2
                0x0201b080                system__finalization_implementation___assign
                0x0201c234                system__finalization_implementation__initialize__2
                0x0201b640                system__finalization_implementation__attach_to_final_list
                0x0201bfe0                system__finalization_implementation__deep_tag_adjust
                0x0201b29c                system__finalization_implementation___assign__2
                0x0201b038                system__finalization_implementation__Oeq
                0x0201afc8                system__finalization_implementation___input
                0x0201afa4                system__finalization_implementation___write
                0x0201bef0                system__finalization_implementation__deep_tag_initialize
                0x0201c22c                system__finalization_implementation__initialize
                0x0201c2e4                system__finalization_implementation___init_proc
                0x0201b1ac                system__finalization_implementation___write__2
                0x0201b39c                system__finalization_implementation___elabs
                0x0201b23c                system__finalization_implementation___output__2
                0x0201b1d0                system__finalization_implementation___input__2
                0x0201af6c                system__finalization_implementation___read
                0x0201bda4                system__finalization_implementation__finalize_one
                0x0201c0ac                system__finalization_implementation__deep_tag_finalize
                0x0201bd7c                system__finalization_implementation__finalize_global_list
                0x0201c2d0                system__finalization_implementation__finalize
                0x0201b178                system__finalization_implementation___size__2
                0x0201c29c                system__finalization_implementation__adjust__2
                0x0201af5c                system__finalization_implementation___size
 .text          0x0201c338      0x658 /usr/local/openravenscar/lib/gcc-lib/sparc-ork-elf/2.8.1/adalib/libgnat.a(s-finroo.o)
                0x0201c338                system__finalization_root___size
                0x0201c96c                system__finalization_root___init_proc__2
                0x0201c348                system__finalization_root___read
                0x0201c680                system__finalization_root___elabs
                0x0201c538                system__finalization_root__Oeq__2
                0x0201c4c8                system__finalization_root___input__2
                0x0201c350                system__finalization_root___write
                0x0201c360                system__finalization_root___assign
                0x0201c92c                system__finalization_root__finalize
                0x0201c520                system__finalization_root___output__2
                0x0201c8cc                system__finalization_root__initialize
                0x0201c358                system__finalization_root__Oeq
                0x0201c440                system__finalization_root___read__2
                0x0201c498                system__finalization_root___write__2
                0x0201c430                system__finalization_root___size__2
                0x0201c8fc                system__finalization_root__adjust
                0x0201c590                system__finalization_root___assign__2
                0x0201c95c                system__finalization_root___init_proc
 .text          0x0201c990      0x1b4 /usr/local/openravenscar/lib/gcc-lib/sparc-ork-elf/2.8.1/adalib/libgnat.a(s-imgint.o)
                0x0201cacc                system__img_int__set_image_integer
                0x0201c990                system__img_int__image_integer
 .text          0x0201cb44      0xbc8 /usr/local/openravenscar/lib/gcc-lib/sparc-ork-elf/2.8.1/adalib/libgnat.a(s-imgrea.o)
                0x0201cb44                system__img_real__image_ordinary_fixed_point
                0x0201d230                system__img_real__set_image_real
                0x0201cc18                system__img_real__image_floating_point
 .text          0x0201d70c      0x160 /usr/local/openravenscar/lib/gcc-lib/sparc-ork-elf/2.8.1/adalib/libgnat.a(s-imguns.o)
                0x0201d70c                system__img_uns__image_unsigned
                0x0201d82c                system__img_uns__set_image_unsigned
 .text          0x0201d86c       0x40 /usr/local/openravenscar/lib/gcc-lib/sparc-ork-elf/2.8.1/adalib/libgnat.a(s-mastop.o)
                0x0201d884                system__machine_state_operations__get_code_loc
                0x0201d86c                system__machine_state_operations__allocate_machine_state
                0x0201d8a4                system__machine_state_operations__set_signal_machine_state
                0x0201d87c                system__machine_state_operations__free_machine_state
                0x0201d88c                system__machine_state_operations__machine_state_length
                0x0201d874                system__machine_state_operations__enter_handler
                0x0201d89c                system__machine_state_operations__set_machine_state
                0x0201d894                system__machine_state_operations__pop_frame
 .text          0x0201d8ac       0x50 /usr/local/openravenscar/lib/gcc-lib/sparc-ork-elf/2.8.1/adalib/libgnat.a(s-parame.o)
                0x0201d8b4                system__parameters__minimum_stack_size
                0x0201d8bc                system__parameters__adjust_storage_size
                0x0201d8ac                system__parameters__default_stack_size
 .text          0x0201d8fc      0x314 /usr/local/openravenscar/lib/gcc-lib/sparc-ork-elf/2.8.1/adalib/libgnat.a(s-secsta.o)
                0x0201dc08                system__secondary_stack___init_proc__2
                0x0201dbac                system__secondary_stack___elabb
                0x0201d8fc                system__secondary_stack__ss_allocate
                0x0201daf0                system__secondary_stack__ss_free
                0x0201db8c                system__secondary_stack__ss_release
                0x0201db6c                system__secondary_stack__ss_mark
                0x0201dbf4                system__secondary_stack___init_proc
                0x0201da8c                system__secondary_stack__ss_init
 .text          0x0201dc10      0x1fc /usr/local/openravenscar/lib/gcc-lib/sparc-ork-elf/2.8.1/adalib/libgnat.a(s-sopco3.o)
                0x0201dc10                system__string_ops_concat_3__str_concat_3
 .text          0x0201de0c      0x1e4 /usr/local/openravenscar/lib/gcc-lib/sparc-ork-elf/2.8.1/adalib/libgnat.a(s-stache.o)
                0x0201de0c                system__stack_checking___elabs
                0x0201de24                _gnat_stack_check
                0x0201dfa8                system__stack_checking__set_stack_size
                0x0201dfe0                system__stack_checking___init_proc
                0x0201deb0                system__stack_checking__invalidate_stack_cache
                0x0201dfd0                system__stack_checking__update_stack_cache
 .text          0x0201dff0       0x28 /usr/local/openravenscar/lib/gcc-lib/sparc-ork-elf/2.8.1/adalib/libgnat.a(s-stalib.o)
                0x0201dff0                system__standard_library__abort_undefer_direct
                0x0201e00c                system__standard_library___init_proc
 .text          0x0201e018       0x64 /usr/local/openravenscar/lib/gcc-lib/sparc-ork-elf/2.8.1/adalib/libgnat.a(s-stoele.o)
                0x0201e038                system__storage_elements__Omod
                0x0201e06c                system__storage_elements__to_address
                0x0201e020                system__storage_elements__Oadd__2
                0x0201e028                system__storage_elements__Osubtract
                0x0201e018                system__storage_elements__Oadd
                0x0201e074                system__storage_elements__to_integer
                0x0201e030                system__storage_elements__Osubtract__2
 .text          0x0201e07c     0x102c /usr/local/openravenscar/lib/gcc-lib/sparc-ork-elf/2.8.1/adalib/libgnat.a(s-stratt.o)
                0x0201e794                system__stream_attributes__i_si
                0x0201ea4c                system__stream_attributes__w_ad
                0x0201e184                system__stream_attributes__i_b
                0x0201eb40                system__stream_attributes__w_c
                0x0201e35c                system__stream_attributes__i_lf
                0x0201e70c                system__stream_attributes__i_sf
                0x0201efc8                system__stream_attributes__w_su
                0x0201e1e8                system__stream_attributes__i_c
                0x0201e48c                system__stream_attributes__i_llf
                0x0201e8d4                system__stream_attributes__i_su
                0x0201e5dc                system__stream_attributes__i_llu
                0x0201eec4                system__stream_attributes__w_sf
                0x0201e94c                system__stream_attributes__i_u
                0x0201f064                system__stream_attributes__w_wc
                0x0201e07c                system__stream_attributes__i_ad
                0x0201f00c                system__stream_attributes__w_u
                0x0201ee6c                system__stream_attributes__w_lu
                0x0201eb0c                system__stream_attributes__w_b
                0x0201ed74                system__stream_attributes__w_lli
                0x0201e870                system__stream_attributes__i_ssu
                0x0201e404                system__stream_attributes__i_li
                0x0201ef60                system__stream_attributes__w_ssi
                0x0201ef1c                system__stream_attributes__w_si
                0x0201ec24                system__stream_attributes__w_lf
                0x0201e80c                system__stream_attributes__i_ssi
                0x0201e24c                system__stream_attributes__i_f
                0x0201eca0                system__stream_attributes__w_li
                0x0201eabc                system__stream_attributes__w_as
                0x0201ebcc                system__stream_attributes__w_i
                0x0201e2d4                system__stream_attributes__i_i
                0x0201e534                system__stream_attributes__i_lli
                0x0201e9d4                system__stream_attributes__i_wc
                0x0201ecf8                system__stream_attributes__w_llf
                0x0201ef94                system__stream_attributes__w_ssu
                0x0201e0f4                system__stream_attributes__i_as
                0x0201eb74                system__stream_attributes__w_f
                0x0201edf0                system__stream_attributes__w_llu
                0x0201e684                system__stream_attributes__i_lu
 .text          0x0201f0a8      0x5b8 /usr/local/openravenscar/lib/gcc-lib/sparc-ork-elf/2.8.1/adalib/libgnat.a(s-strops.o)
                0x0201f4cc                system__string_ops__str_equal
                0x0201f3a4                system__string_ops__str_concat_sc
                0x0201f5dc                system__string_ops__str_normalize
                0x0201f0a8                system__string_ops__str_concat
                0x0201f2c8                system__string_ops__str_concat_cs
                0x0201f61c                system__string_ops__wide_str_normalize
                0x0201f268                system__string_ops__str_concat_cc
 .text          0x0201f660      0x298 /usr/local/openravenscar/lib/gcc-lib/sparc-ork-elf/2.8.1/adalib/libgnat.a(s-soflin.o)
                0x0201f7c4                system__soft_links__set_jmpbuf_address_soft
                0x0201f730                system__soft_links__get_stack_info_nt
                0x0201f88c                system__soft_links___elabb
                0x0201f724                system__soft_links__get_current_excep_nt
                0x0201f834                system__soft_links__set_exc_stack_addr_soft
                0x0201f660                system__soft_links__abort_defer_nt
                0x0201f694                system__soft_links__check_abort_status_nt
                0x0201f6dc                system__soft_links__get_sec_stack_addr_nt
                0x0201f6d0                system__soft_links__set_jmpbuf_address_nt
                0x0201f6b4                system__soft_links__task_lock_nt
                0x0201f870                system__soft_links__set_machine_state_addr_soft
                0x0201f6a4                system__soft_links__current_master_nt
                0x0201f668                system__soft_links__abort_handler_nt
                0x0201f760                system__soft_links__destroy_tsd
                0x0201f818                system__soft_links__get_exc_stack_addr_soft
                0x0201f6c4                system__soft_links__get_jmpbuf_address_nt
                0x0201f670                system__soft_links__abort_undefer_nt
                0x0201f73c                system__soft_links__create_tsd
                0x0201f700                system__soft_links__set_machine_state_addr_nt
                0x0201f6e8                system__soft_links__set_sec_stack_addr_nt
                0x0201f678                system__soft_links__update_exception_nt
                0x0201f718                system__soft_links__set_exc_stack_addr_nt
                0x0201f8cc                system__soft_links___init_proc
                0x0201f7a8                system__soft_links__get_jmpbuf_address_soft
                0x0201f6ac                system__soft_links__enter_master_nt
                0x0201f854                system__soft_links__get_machine_state_addr_soft
                0x0201f7fc                system__soft_links__set_sec_stack_addr_soft
                0x0201f6bc                system__soft_links__task_unlock_nt
                0x0201f784                system__soft_links__get_gnat_exception
                0x0201f7e0                system__soft_links__get_sec_stack_addr_soft
                0x0201f69c                system__soft_links__complete_master_nt
                0x0201f6f4                system__soft_links__get_machine_state_addr_nt
                0x0201f70c                system__soft_links__get_exc_stack_addr_nt
 .text          0x0201f8f8       0x68 /usr/local/openravenscar/lib/gcc-lib/sparc-ork-elf/2.8.1/adalib/libgnat.a(s-traceb.o)
                0x0201f90c                system__traceback__get_code_loc
                0x0201f934                system__traceback__pop_frame
                0x0201f920                system__traceback__free_machine_state
                0x0201f8f8                system__traceback__allocate_machine_state
                0x0201f94c                system__traceback__set_machine_state
 .text          0x0201f960       0xfc /usr/local/openravenscar/lib/gcc-lib/sparc-ork-elf/2.8.1/adalib/libgnat.a(a-argv.o)
                0x0201fa28                fill_env
                0x0201f9cc                env_count
                0x0201fa08                len_env
                0x0201f960                arg_count
                0x0201f96c                gnat_argval
                0x0201f998                fill_arg
                0x0201f978                len_arg
 .text          0x0201fa5c      0x14c /usr/local/openravenscar/lib/gcc-lib/sparc-ork-elf/2.8.1/adalib/libgnat.a(a-cio.o)
                0x0201fa7c                put_int
                0x0201fa98                get_char
                0x0201fa5c                get_int
                0x0201fb88                put_char_stderr
                0x0201fae8                put_char
 .text          0x0201fba8        0xc /usr/local/openravenscar/lib/gcc-lib/sparc-ork-elf/2.8.1/adalib/libgnat.a(a-exit.o)
                0x0201fba8                set_gnat_exit_status
 .text          0x0201fbb4      0x1f4 /usr/local/openravenscar/lib/gcc-lib/sparc-ork-elf/2.8.1/adalib/libgnat.a(a-raise.o)
                0x0201fbb4                _gnat_builtin_longjmp
                0x0201fc0c                __gnat_malloc
                0x0201fcc4                __gnat_free
                0x0201fbf4                __gnat_unhandled_terminate
                0x0201fd00                __gnat_realloc
 .text          0x0201fda8      0x410 /usr/local/openravenscar/lib/gcc-lib/sparc-ork-elf/2.8.1/adalib/libgnat.a(a-init.o)
                0x0201ff9c                __gnat_pop_frame
                0x020201b0                __gnat_init_float
                0x0201fda8                __gnat_set_globals
                0x020201a8                __gnat_get_code_loc
                0x0201fe00                __gnat_initialize
                0x020200ec                __gnat_enter_handler
                0x020201a0                __gnat_machine_state_length
                0x02020040                __gnat_set_machine_state
 .text          0x020201b8        0x8 /usr/local/openravenscar/lib/gcc-lib/sparc-ork-elf/2.8.1/adalib/libgnat.a(a-final.o)
                0x020201b8                __gnat_finalize
 .text          0x020201c0      0xc1c /usr/local/openravenscar/lib/gcc-lib/sparc-ork-elf/2.8.1/adalib/libgnat.a(s-fatllf.o)
                0x020202c4                system__fat_llf__fat_long_long_float__copy_sign
                0x02020534                system__fat_llf__fat_long_long_float__gradual_scaling
                0x02020d08                system__fat_llf__fat_long_long_float__unbiased_rounding
                0x020205cc                system__fat_llf__fat_long_long_float__exponent
                0x02020290                system__fat_llf__fat_long_long_float__compose
                0x020205f8                system__fat_llf__fat_long_long_float__floor
                0x020201c0                system__fat_llf__fat_long_long_float__adjacent
                0x02020724                system__fat_llf__fat_long_long_float__pred
                0x02020664                system__fat_llf__fat_long_long_float__fraction
                0x020207e4                system__fat_llf__fat_long_long_float__remainder
                0x02020a2c                system__fat_llf__fat_long_long_float__scaling
                0x02020224                system__fat_llf__fat_long_long_float__ceiling
                0x02020328                system__fat_llf__fat_long_long_float__decompose
                0x02020b54                system__fat_llf__fat_long_long_float__succ
                0x02020690                system__fat_llf__fat_long_long_float__leading_part
                0x02020994                system__fat_llf__fat_long_long_float__rounding
                0x0202070c                system__fat_llf__fat_long_long_float__model
                0x02020db4                system__fat_llf__fat_long_long_float__valid
                0x02020c44                system__fat_llf__fat_long_long_float__truncation
                0x020206f8                system__fat_llf__fat_long_long_float__machine
 .text          0x02020ddc      0x18c /usr/local/openravenscar/lib/gcc-lib/sparc-ork-elf/2.8.1/adalib/libgnat.a(s-imgllu.o)
                0x02020ddc                system__img_llu__image_long_long_unsigned
                0x02020f24                system__img_llu__set_image_long_long_unsigned
 .text          0x02020f68      0x894 /usr/local/openravenscar/lib/gcc-lib/sparc-ork-elf/2.8.1/adalib/libgnat.a(a-adaint.o)
                0x020210f8                get_object_suffix_ptr
                0x020210a4                Get_Default_Identifier_Character_Set
                0x0202108c                Get_Maximum_File_Name_Length
                0x0202109c                Get_File_Names_Case_Sensitive
                0x02021314                file_time_name
                0x020210b4                Get_Pathsep_Char
                0x02021194                open_read
                0x020210ac                Get_Dirsep_Char
                0x020213ac                is_regular_file
                0x02021094                Get_Switch_Character
                0x02021560                locate_regular_file
                0x020217b0                to_canonical_file_list_next
                0x020217dc                to_host_dir_spec
                0x0202138c                __gnat_file_exists
                0x02021280                __gnat_mkdir
                0x020217d4                to_canonical_path_spec
                0x0202142c                is_writable_file
                0x02021258                open_new_temp
                0x02021460                portable_spawn
                0x020217c4                to_canonical_dir_spec
                0x0202134c                get_env_value_ptr
                0x02021330                file_time_fd
                0x0202130c                readdir_is_thread_safe
                0x02021230                open_new
                0x02020f68                to_gm_time
                0x02020fdc                Try_Lock
                0x020217cc                to_canonical_file_spec
                0x0202151c                portable_wait
                0x020217a8                to_canonical_file_list_init
                0x020217f4                convert_addresses
                0x0202112c                get_executable_suffix_ptr
                0x020213ec                is_directory
                0x02021208                open_append
                0x020211e0                open_create
                0x020211b8                open_rw
                0x02021298                file_length
                0x020212d8                readdir_gnat
                0x020217ec                adjust_os_resource_limits
                0x020216ec                locate_exec
                0x020214dc                portable_no_block_spawn
                0x0202154c                os_exit
                0x02021380                Get_Libraries_From_Registry
                0x020217bc                to_canonical_file_list_free
                0x020210bc                Get_Current_Dir
                0x020217e4                to_host_file_spec
                0x02021760                locate_exec_on_path
                0x02021160                get_debuggable_suffix_ptr
 .text          0x020217fc      0x294 /usr/local/openravenscar/sparc-ork-elf/lib/libm.a(s_atan.o)
                0x020217fc                atan
 .text          0x02021a90       0xf0 /usr/local/openravenscar/sparc-ork-elf/lib/libm.a(s_cos.o)
                0x02021a90                cos
 .text          0x02021b80       0x2c /usr/local/openravenscar/sparc-ork-elf/lib/libm.a(s_fabs.o)
                0x02021b80                fabs
 .text          0x02021bac       0xf0 /usr/local/openravenscar/sparc-ork-elf/lib/libm.a(s_sin.o)
                0x02021bac                sin
 .text          0x02021c9c       0x9c /usr/local/openravenscar/sparc-ork-elf/lib/libm.a(s_tan.o)
                0x02021c9c                tan
 .text          0x02021d38      0x134 /usr/local/openravenscar/sparc-ork-elf/lib/libm.a(s_tanh.o)
                0x02021d38                tanh
 .text          0x02021e6c       0xf8 /usr/local/openravenscar/sparc-ork-elf/lib/libm.a(w_acos.o)
                0x02021e6c                acos
 .text          0x02021f64       0xf8 /usr/local/openravenscar/sparc-ork-elf/lib/libm.a(w_asin.o)
                0x02021f64                asin
 .text          0x0202205c      0x1c0 /usr/local/openravenscar/sparc-ork-elf/lib/libm.a(w_exp.o)
                0x0202205c                exp
 .text          0x0202221c      0x184 /usr/local/openravenscar/sparc-ork-elf/lib/libm.a(w_log.o)
                0x0202221c                log
 .text          0x020223a0      0x60c /usr/local/openravenscar/sparc-ork-elf/lib/libm.a(w_pow.o)
                0x020223a0                pow
 .text          0x020229ac      0x118 /usr/local/openravenscar/sparc-ork-elf/lib/libm.a(w_sqrt.o)
                0x020229ac                sqrt
 .text          0x02022ac4      0x3ac /usr/local/openravenscar/sparc-ork-elf/lib/libm.a(e_acos.o)
                0x02022ac4                __ieee754_acos
 .text          0x02022e70      0x340 /usr/local/openravenscar/sparc-ork-elf/lib/libm.a(e_asin.o)
                0x02022e70                __ieee754_asin
 .text          0x020231b0      0x2f0 /usr/local/openravenscar/sparc-ork-elf/lib/libm.a(e_exp.o)
                0x020231b0                __ieee754_exp
 .text          0x020234a0      0x310 /usr/local/openravenscar/sparc-ork-elf/lib/libm.a(e_log.o)
                0x020234a0                __ieee754_log
 .text          0x020237b0      0x99c /usr/local/openravenscar/sparc-ork-elf/lib/libm.a(e_pow.o)
                0x020237b0                __ieee754_pow
 .text          0x0202414c      0x3d8 /usr/local/openravenscar/sparc-ork-elf/lib/libm.a(e_rem_pio2.o)
                0x0202414c                __ieee754_rem_pio2
 .text          0x02024524      0x264 /usr/local/openravenscar/sparc-ork-elf/lib/libm.a(e_sqrt.o)
                0x02024524                __ieee754_sqrt
 .text          0x02024788      0x17c /usr/local/openravenscar/sparc-ork-elf/lib/libm.a(k_cos.o)
                0x02024788                __kernel_cos
 .text          0x02024904      0x838 /usr/local/openravenscar/sparc-ork-elf/lib/libm.a(k_rem_pio2.o)
                0x02024904                __kernel_rem_pio2
 .text          0x0202513c      0x11c /usr/local/openravenscar/sparc-ork-elf/lib/libm.a(k_sin.o)
                0x0202513c                __kernel_sin
 .text          0x02025258      0x2b4 /usr/local/openravenscar/sparc-ork-elf/lib/libm.a(k_tan.o)
                0x02025258                __kernel_tan
 .text          0x0202550c      0x40c /usr/local/openravenscar/sparc-ork-elf/lib/libm.a(s_expm1.o)
                0x0202550c                expm1
 .text          0x02025918       0x18 /usr/local/openravenscar/sparc-ork-elf/lib/libm.a(s_finite.o)
                0x02025918                finite
 .text          0x02025930      0x1a0 /usr/local/openravenscar/sparc-ork-elf/lib/libm.a(s_floor.o)
                0x02025930                floor
 .text          0x02025ad0       0x28 /usr/local/openravenscar/sparc-ork-elf/lib/libm.a(s_isnan.o)
                0x02025ad0                isnan
 .text          0x02025af8        0x8 /usr/local/openravenscar/sparc-ork-elf/lib/libm.a(s_matherr.o)
                0x02025af8                matherr
 .text          0x02025b00      0x1c8 /usr/local/openravenscar/sparc-ork-elf/lib/libm.a(s_rint.o)
                0x02025b00                rint
 .text          0x02025cc8      0x1d8 /usr/local/openravenscar/sparc-ork-elf/lib/libm.a(s_scalbn.o)
                0x02025cc8                scalbn
 .text          0x02025ea0       0x40 /usr/local/openravenscar/sparc-ork-elf/lib/libm.a(s_copysign.o)
                0x02025ea0                copysign
 .text          0x02025ee0        0x8 /usr/local/openravenscar/lib/gcc-lib/sparc-ork-elf/2.8.1/libgcc.a(__dummy.o)
                0x02025ee0                __dummy
 .text          0x02025ee8       0x48 /usr/local/openravenscar/lib/gcc-lib/sparc-ork-elf/2.8.1/libgcc.a(_ashldi3.o)
                0x02025ee8                __ashldi3
 .text          0x02025f30       0x38 /usr/local/openravenscar/lib/gcc-lib/sparc-ork-elf/2.8.1/libgcc.a(_cmpdi2.o)
                0x02025f30                __cmpdi2
 .text          0x02025f68      0x3c0 /usr/local/openravenscar/lib/gcc-lib/sparc-ork-elf/2.8.1/libgcc.a(_divdi3.o)
                0x02025f68                __divdi3
 .text          0x02026328      0x1f4 /usr/local/openravenscar/lib/gcc-lib/sparc-ork-elf/2.8.1/libgcc.a(_divsi3.o)
                0x02026328                udiv
                0x02026334                div
 .text          0x0202651c       0x58 /usr/local/openravenscar/lib/gcc-lib/sparc-ork-elf/2.8.1/libgcc.a(_fixsfdi.o)
                0x0202651c                __fixsfdi
 .text          0x02026574      0x1c0 /usr/local/openravenscar/lib/gcc-lib/sparc-ork-elf/2.8.1/libgcc.a(_fixunsdfdi.o)
                0x02026574                __fixunsdfdi
 .text          0x02026734      0x1c8 /usr/local/openravenscar/lib/gcc-lib/sparc-ork-elf/2.8.1/libgcc.a(_fixunssfdi.o)
                0x02026734                __fixunssfdi
 .text          0x020268fc       0x54 /usr/local/openravenscar/lib/gcc-lib/sparc-ork-elf/2.8.1/libgcc.a(_floatdidf.o)
                0x020268fc                __floatdidf
 .text          0x02026950       0xa8 /usr/local/openravenscar/lib/gcc-lib/sparc-ork-elf/2.8.1/libgcc.a(_floatdisf.o)
                0x02026950                __floatdisf
 .text          0x020269f8       0x48 /usr/local/openravenscar/lib/gcc-lib/sparc-ork-elf/2.8.1/libgcc.a(_lshrdi3.o)
                0x020269f8                __lshrdi3
 .text          0x02026a40      0x1f4 /usr/local/openravenscar/lib/gcc-lib/sparc-ork-elf/2.8.1/libgcc.a(_modsi3.o)
                0x02026a40                urem
                0x02026a4c                rem
 .text          0x02026c34       0xe0 /usr/local/openravenscar/lib/gcc-lib/sparc-ork-elf/2.8.1/libgcc.a(_muldi3.o)
                0x02026c34                __muldi3
 .text          0x02026d14       0xe8 /usr/local/openravenscar/lib/gcc-lib/sparc-ork-elf/2.8.1/libgcc.a(_mulsi3.o)
                0x02026d14                umul
 .text          0x02026dfc      0x340 /usr/local/openravenscar/lib/gcc-lib/sparc-ork-elf/2.8.1/libgcc.a(_udivdi3.o)
                0x02026dfc                __udivdi3
 .text          0x0202713c      0x39c /usr/local/openravenscar/lib/gcc-lib/sparc-ork-elf/2.8.1/libgcc.a(_umoddi3.o)
                0x0202713c                __umoddi3
 .text          0x020274d8      0xa48 /usr/local/openravenscar/lib/gcc-lib/sparc-ork-elf/2.8.1/libgcc.a(frame.o)
                0x02027dfc                __frame_state_for
                0x02027d94                __deregister_frame_info
                0x02027d6c                __register_frame_info_table
                0x02027d44                __register_frame_info
 .text          0x02027f20       0x20 /usr/local/openravenscar/sparc-ork-elf/lib/libc.a(abort.o)
                0x02027f20                abort
 .text          0x02027f40       0x1c /usr/local/openravenscar/sparc-ork-elf/lib/libc.a(atoi.o)
                0x02027f40                atoi
 .text          0x02027f5c        0xc /usr/local/openravenscar/sparc-ork-elf/lib/libc.a(errno.o)
                0x02027f5c                __errno
 .text          0x02027f68       0x8c /usr/local/openravenscar/sparc-ork-elf/lib/libc.a(exit.o)
                0x02027f68                exit
 .text          0x02027ff4       0x90 /usr/local/openravenscar/sparc-ork-elf/lib/libc.a(fputc.o)
                0x02027ff4                fputc
 .text          0x02028084       0x40 /usr/local/openravenscar/sparc-ork-elf/lib/libc.a(getenv.o)
                0x020280a4                getenv
                0x02028084                _findenv
 .text          0x020280c4      0x100 /usr/local/openravenscar/sparc-ork-elf/lib/libc.a(getenv_r.o)
                0x020280c4                _findenv_r
                0x020281a8                _getenv_r
 .text          0x020281c4       0x1c /usr/local/openravenscar/sparc-ork-elf/lib/libc.a(gmtime.o)
                0x020281c4                gmtime
 .text          0x020281e0       0x20 /usr/local/openravenscar/sparc-ork-elf/lib/libc.a(lcltime.o)
                0x020281e0                localtime
 .text          0x02028200      0x21c /usr/local/openravenscar/sparc-ork-elf/lib/libc.a(lcltime_r.o)
                0x02028200                localtime_r
 .text          0x0202841c       0x38 /usr/local/openravenscar/sparc-ork-elf/lib/libc.a(malloc.o)
                0x0202841c                malloc
                0x02028438                free
 .text          0x02028454      0x774 /usr/local/openravenscar/sparc-ork-elf/lib/libc.a(mallocr.o)
                0x02028620                _malloc_r
 .text          0x02028bc8       0x80 /usr/local/openravenscar/sparc-ork-elf/lib/libc.a(memcmp.o)
                0x02028bc8                memcmp
 .text          0x02028c48       0xc4 /usr/local/openravenscar/sparc-ork-elf/lib/libc.a(memcpy.o)
                0x02028c48                memcpy
 .text          0x02028d0c       0xa4 /usr/local/openravenscar/sparc-ork-elf/lib/libc.a(memset.o)
                0x02028d0c                memset
 .text          0x02028db0       0x10 /usr/local/openravenscar/sparc-ork-elf/lib/libc.a(mlock.o)
                0x02028db8                __malloc_unlock
                0x02028db0                __malloc_lock
 .text          0x02028dc0       0x70 /usr/local/openravenscar/sparc-ork-elf/lib/libc.a(printf.o)
                0x02028df0                printf
                0x02028dc0                _printf_r
 .text          0x02028e30       0x20 /usr/local/openravenscar/sparc-ork-elf/lib/libc.a(realloc.o)
                0x02028e30                realloc
 .text          0x02028e50      0x50c /usr/local/openravenscar/sparc-ork-elf/lib/libc.a(reallocr.o)
                0x02028e50                _realloc_r
 .text          0x0202935c       0x40 /usr/local/openravenscar/sparc-ork-elf/lib/libc.a(rget.o)
                0x0202935c                __srget
 .text          0x0202939c       0x34 /usr/local/openravenscar/sparc-ork-elf/lib/libc.a(sbrkr.o)
                0x0202939c                _sbrk_r
 .text          0x020293d0       0x64 /usr/local/openravenscar/sparc-ork-elf/lib/libc.a(scanf.o)
                0x02029408                _scanf_r
                0x020293d0                scanf
 .text          0x02029434      0x24c /usr/local/openravenscar/sparc-ork-elf/lib/libc.a(signal.o)
                0x02029490                _signal_r
                0x020294ec                _raise_r
                0x02029588                __sigtramp_r
                0x0202962c                signal
                0x0202964c                _init_signal
                0x02029434                _init_signal_r
                0x02029664                __sigtramp
                0x02029610                raise
 .text          0x02029680       0x4c /usr/local/openravenscar/sparc-ork-elf/lib/libc.a(signalr.o)
                0x02029680                _kill_r
                0x020296b8                _getpid_r
 .text          0x020296cc       0xb4 /usr/local/openravenscar/sparc-ork-elf/lib/libc.a(sprintf.o)
                0x020296cc                _sprintf_r
                0x02029720                sprintf
 .text          0x02029780       0x8c /usr/local/openravenscar/sparc-ork-elf/lib/libc.a(strcat.o)
                0x02029780                strcat
 .text          0x0202980c       0xb8 /usr/local/openravenscar/sparc-ork-elf/lib/libc.a(strcmp.o)
                0x0202980c                strcmp
 .text          0x020298c4       0x8c /usr/local/openravenscar/sparc-ork-elf/lib/libc.a(strcpy.o)
                0x020298c4                strcpy
 .text          0x02029950       0x78 /usr/local/openravenscar/sparc-ork-elf/lib/libc.a(strlen.o)
                0x02029950                strlen
 .text          0x020299c8       0xcc /usr/local/openravenscar/sparc-ork-elf/lib/libc.a(strncmp.o)
                0x020299c8                strncmp
 .text          0x02029a94       0xd4 /usr/local/openravenscar/sparc-ork-elf/lib/libc.a(strncpy.o)
                0x02029a94                strncpy
 .text          0x02029b68       0x68 /usr/local/openravenscar/sparc-ork-elf/lib/libc.a(strstr.o)
                0x02029b68                strstr
 .text          0x02029bd0      0x1f8 /usr/local/openravenscar/sparc-ork-elf/lib/libc.a(strtol.o)
                0x02029da4                strtol
                0x02029bd0                _strtol_r
 .text          0x02029dc8     0x19c4 /usr/local/openravenscar/sparc-ork-elf/lib/libc.a(vfprintf.o)
                0x02029ecc                _vfprintf_r
                0x02029eac                vfprintf
 .text          0x0202b78c      0xf30 /usr/local/openravenscar/sparc-ork-elf/lib/libc.a(vfscanf.o)
                0x0202b78c                __svfscanf
                0x0202c5dc                __sccl
 .text          0x0202c6bc      0x10c /usr/local/openravenscar/sparc-ork-elf/lib/libc.a(wbuf.o)
                0x0202c6bc                __swbuf
 .text          0x0202c7c8      0x10c /usr/local/openravenscar/sparc-ork-elf/lib/libc.a(wsetup.o)
                0x0202c7c8                __swsetup
 .text          0x0202c8d4       0x18 /usr/local/openravenscar/sparc-ork-elf/lib/libc.a(atof.o)
                0x0202c8d4                atof
 .text          0x0202c8ec     0x1250 /usr/local/openravenscar/sparc-ork-elf/lib/libc.a(dtoa.o)
                0x0202cad8                _dtoa_r
 .text          0x0202db3c       0x10 /usr/local/openravenscar/sparc-ork-elf/lib/libc.a(envlock.o)
                0x0202db44                __env_unlock
                0x0202db3c                __env_lock
 .text          0x0202db4c       0xf0 /usr/local/openravenscar/sparc-ork-elf/lib/libc.a(fflush.o)
                0x0202db4c                fflush
 .text          0x0202dc3c      0x228 /usr/local/openravenscar/sparc-ork-elf/lib/libc.a(findfp.o)
                0x0202ddf4                __sinit
                0x0202dc98                __sfmoreglue
                0x0202dddc                _cleanup
                0x0202ddc0                _cleanup_r
                0x0202dcf0                __sfp
 .text          0x0202de64       0xcc /usr/local/openravenscar/sparc-ork-elf/lib/libc.a(fread.o)
                0x0202de64                fread
 .text          0x0202df30      0x3c0 /usr/local/openravenscar/sparc-ork-elf/lib/libc.a(freer.o)
                0x0202df30                _free_r
                0x0202e1cc                _malloc_trim_r
 .text          0x0202e2f0      0x380 /usr/local/openravenscar/sparc-ork-elf/lib/libc.a(fvwrite.o)
                0x0202e2f0                __sfvwrite
 .text          0x0202e670       0x60 /usr/local/openravenscar/sparc-ork-elf/lib/libc.a(fwalk.o)
                0x0202e670                _fwalk
 .text          0x0202e6d0       0xa4 /usr/local/openravenscar/sparc-ork-elf/lib/libc.a(locale.o)
                0x0202e6d0                _setlocale_r
                0x0202e730                _localeconv_r
                0x0202e73c                setlocale
                0x0202e75c                localeconv
 .text          0x0202e774      0x144 /usr/local/openravenscar/sparc-ork-elf/lib/libc.a(makebuf.o)
                0x0202e774                __smakebuf
 .text          0x0202e8b8       0x58 /usr/local/openravenscar/sparc-ork-elf/lib/libc.a(mbtowc_r.o)
                0x0202e8b8                _mbtowc_r
 .text          0x0202e910       0xd4 /usr/local/openravenscar/sparc-ork-elf/lib/libc.a(memchr.o)
                0x0202e910                memchr
 .text          0x0202e9e4      0x110 /usr/local/openravenscar/sparc-ork-elf/lib/libc.a(memmove.o)
                0x0202e9e4                memmove
 .text          0x0202eaf4      0xd14 /usr/local/openravenscar/sparc-ork-elf/lib/libc.a(mprec.o)
                0x0202f7bc                _mprec_log10
                0x0202ed68                _hi0bits
                0x0202eaf4                _Balloc
                0x0202f5f8                _d2b
                0x0202eed8                _multiply
                0x0202f72c                _ratio
                0x0202eca8                _s2b
                0x0202eeb4                _i2b
                0x0202ede8                _lo0bits
                0x0202f2a8                __mcmp
                0x0202f0c4                _pow5mult
                0x0202f46c                _ulp
                0x0202f4f8                _b2d
                0x0202ebc4                _multadd
                0x0202f310                __mdiff
                0x0202f1ac                _lshift
                0x0202eb8c                _Bfree
 .text          0x0202f808      0x19c /usr/local/openravenscar/sparc-ork-elf/lib/libc.a(refill.o)
                0x0202f81c                __srefill
 .text          0x0202f9a4       0x38 /usr/local/openravenscar/sparc-ork-elf/lib/libc.a(s_isinf.o)
                0x0202f9a4                isinf
 .text          0x0202f9dc      0x104 /usr/local/openravenscar/sparc-ork-elf/lib/libc.a(stdio.o)
                0x0202fa78                __sseek
                0x0202f9dc                __sread
                0x0202fac8                __sclose
                0x0202fa28                __swrite
 .text          0x0202fae0      0xedc /usr/local/openravenscar/sparc-ork-elf/lib/libc.a(strtod.o)
                0x0202fae0                _strtod_r
                0x020309a0                strtodf
                0x02030980                strtod
 .text          0x020309bc      0x1d8 /usr/local/openravenscar/sparc-ork-elf/lib/libc.a(strtoul.o)
                0x02030b70                strtoul
                0x020309bc                _strtoul_r
 .text          0x02030b94      0x228 /usr/local/openravenscar/sparc-ork-elf/lib/libc.a(ungetc.o)
                0x02030c44                ungetc
                0x02030b94                __submore
 .text          0x02030dbc       0x3c /usr/local/openravenscar/sparc-ork-elf/lib/libc.a(writer.o)
                0x02030dbc                _write_r
 .text          0x02030df8       0xa8 /usr/local/openravenscar/sparc-ork-elf/lib/libc.a(callocr.o)
                0x02030df8                _calloc_r
 .text          0x02030ea0       0x34 /usr/local/openravenscar/sparc-ork-elf/lib/libc.a(closer.o)
                0x02030ea0                _close_r
 .text          0x02030ed4       0x38 /usr/local/openravenscar/sparc-ork-elf/lib/libc.a(fstatr.o)
                0x02030ed4                _fstat_r
 .text          0x02030f0c       0x3c /usr/local/openravenscar/sparc-ork-elf/lib/libc.a(lseekr.o)
                0x02030f0c                _lseek_r
 .text          0x02030f48       0x3c /usr/local/openravenscar/sparc-ork-elf/lib/libc.a(readr.o)
                0x02030f48                _read_r
 .text          0x02030f84      0x134 /usr/local/openravenscar/sparc-ork-elf/lib/libork.a(ada_exceptions.o)
                0x02030f84                Instruction_Access_Exception
                0x02031060                Division_By_Zero
                0x02031034                Stack_Overflow
                0x02030fb0                Illegal_Instruction
                0x0203108c                Integer_Overflow
                0x02031008                FP_Exception
                0x02030fdc                Address_Not_Aligned
 .text          0x020310b8       0x1c /usr/local/openravenscar/sparc-ork-elf/lib/libork.a(close.o)
                0x020310b8                close
 .text          0x020310d4       0x30 /usr/local/openravenscar/sparc-ork-elf/lib/libork.a(execv.o)
                0x020310d4                execv
 .text          0x02031104       0x28 /usr/local/openravenscar/sparc-ork-elf/lib/libork.a(fork.o)
                0x02031104                fork
 .text          0x0203112c       0x30 /usr/local/openravenscar/sparc-ork-elf/lib/libork.a(fstat.o)
                0x0203112c                fstat
 .text          0x0203115c       0x30 /usr/local/openravenscar/sparc-ork-elf/lib/libork.a(getcwd.o)
                0x0203115c                getcwd
 .text          0x0203118c       0x30 /usr/local/openravenscar/sparc-ork-elf/lib/libork.a(getpid.o)
                0x0203118c                getpid
                0x020311a4                getppid
 .text          0x020311bc       0x84 /usr/local/openravenscar/sparc-ork-elf/lib/libork.a(isatty.o)
                0x020311bc                isatty
 .text          0x02031240       0x3c /usr/local/openravenscar/sparc-ork-elf/lib/libork.a(kill.o)
                0x02031240                kill
 .text          0x0203127c       0x30 /usr/local/openravenscar/sparc-ork-elf/lib/libork.a(link.o)
                0x0203127c                link
 .text          0x020312ac       0x34 /usr/local/openravenscar/sparc-ork-elf/lib/libork.a(lseek.o)
                0x020312ac                lseek
 .text          0x020312e0       0x34 /usr/local/openravenscar/sparc-ork-elf/lib/libork.a(open.o)
                0x020312e0                open
 .text          0x02031314      0x148 /usr/local/openravenscar/sparc-ork-elf/lib/libork.a(read.o)
                0x02031314                read